CommandError: No Android connected device found, and no emulators could be started automatically.
Connect a device or create an emulator (https://docs.expo.dev/workflow/android-studio-emulator).
Then follow the instructions here to enable USB debugging:
https://developer.android.com/studio/run/device.html#developer-device-options. If you are using Genymotion go to Settings -> ADB, select "Use custom Android SDK tools", and point it at your Android SDK directory.


EBS build error ->

Run gradlew

6m 16s


Running 'gradlew :app:assembleRelease' in /home/expo/workingdir/build/android
Downloading https://services.gradle.org/distributions/gradle-8.14.3-bin.zip
10%
20%.
30%
40%.
50%.
60%.
70
%.
80%.
90
%.
100%
Welcome to Gradle 8.14.3!
Here are the highlights of this release:
 - Java 24 support
- GraalVM Native Image toolchain selection
- Enhancements to test reporting
- Build Authoring improvements
For more details see https://docs.gradle.org/8.14.3/release-notes.html
To honour the JVM settings for this build a single-use Daemon process will be forked. For more on this, please refer to https://docs.gradle.org/8.14.3/userguide/gradle_daemon.html#sec:disabling_the_daemon in the Gradle documentation.
Daemon will be stopped at the end of the build
> Configure project :expo-gradle-plugin:expo-autolinking-plugin
w: file:///home/expo/workingdir/build/node_modules/expo-modules-autolinking/android/expo-gradle-plugin/expo-autolinking-plugin/build.gradle.kts:25:3: 'kotlinOptions(KotlinJvmOptionsDeprecated /* = KotlinJvmOptions */.() -> Unit): Unit' is deprecated. Please migrate to the compilerOptions DSL. More details are here: https://kotl.in/u1r8ln
> Configure project :expo-gradle-plugin:expo-autolinking-settings-plugin
w: file:///home/expo/workingdir/build/node_modules/expo-modules-autolinking/android/expo-gradle-plugin/expo-autolinking-settings-plugin/build.gradle.kts:30:3: 'kotlinOptions(KotlinJvmOptionsDeprecated /* = KotlinJvmOptions */.() -> Unit): Unit' is deprecated. Please migrate to the compilerOptions DSL. More details are here: https://kotl.in/u1r8ln
> Task :expo-gradle-plugin:expo-autolinking-settings-plugin:checkKotlinGradlePluginConfigurationErrors SKIPPED
> Task :gradle-plugin:settings-plugin:checkKotlinGradlePluginConfigurationErrors SKIPPED
> Task :expo-gradle-plugin:expo-autolinking-plugin-shared:checkKotlinGradlePluginConfigurationErrors SKIPPED
> Task :gradle-plugin:shared:checkKotlinGradlePluginConfigurationErrors SKIPPED
> Task :expo-gradle-plugin:expo-autolinking-settings-plugin:pluginDescriptors
> Task :gradle-plugin:settings-plugin:pluginDescriptors
> Task :gradle-plugin:settings-plugin:processResources
> Task :expo-gradle-plugin:expo-autolinking-settings-plugin:processResources
> Task :gradle-plugin:shared:processResources NO-SOURCE
> Task :expo-gradle-plugin:expo-autolinking-plugin-shared:processResources NO-SOURCE
> Task :gradle-plugin:shared:compileKotlin
> Task :gradle-plugin:shared:compileJava NO-SOURCE
> Task :gradle-plugin:shared:classes UP-TO-DATE
> Task :gradle-plugin:shared:jar
> Task :expo-gradle-plugin:expo-autolinking-plugin-shared:compileKotlin
> Task :expo-gradle-plugin:expo-autolinking-plugin-shared:compileJava NO-SOURCE
> Task :expo-gradle-plugin:expo-autolinking-plugin-shared:classes UP-TO-DATE
> Task :expo-gradle-plugin:expo-autolinking-plugin-shared:jar
> Task :gradle-plugin:settings-plugin:compileKotlin
> Task :gradle-plugin:settings-plugin:compileJava
NO-SOURCE
> Task :gradle-plugin:settings-plugin:classes
> Task :gradle-plugin:settings-plugin:jar
> Task :expo-gradle-plugin:expo-autolinking-settings-plugin:compileKotlin
> Task :expo-gradle-plugin:expo-autolinking-settings-plugin:compileJava NO-SOURCE
> Task :expo-gradle-plugin:expo-autolinking-settings-plugin:classes
> Task :expo-gradle-plugin:expo-autolinking-settings-plugin:jar
> Configure project :expo-dev-launcher-gradle-plugin
w: file:///home/expo/workingdir/build/node_modules/expo-dev-launcher/expo-dev-launcher-gradle-plugin/build.gradle.kts:25:3: 'kotlinOptions(KotlinJvmOptionsDeprecated /* = KotlinJvmOptions */.() -> Unit): Unit' is deprecated. Please migrate to the compilerOptions DSL. More details are here: https://kotl.in/u1r8ln
> Configure project :expo-module-gradle-plugin
w: file:///home/expo/workingdir/build/node_modules/expo-modules-core/expo-module-gradle-plugin/build.gradle.kts:58:3: 'kotlinOptions(KotlinJvmOptionsDeprecated /* = KotlinJvmOptions */.() -> Unit): Unit' is deprecated. Please migrate to the compilerOptions DSL. More details are here: https://kotl.in/u1r8ln
> Task :expo-dev-launcher-gradle-plugin:checkKotlinGradlePluginConfigurationErrors SKIPPED
> Task :gradle-plugin:react-native-gradle-plugin:checkKotlinGradlePluginConfigurationErrors SKIPPED
> Task :expo-gradle-plugin:expo-autolinking-plugin:checkKotlinGradlePluginConfigurationErrors SKIPPED
> Task :expo-module-gradle-plugin:checkKotlinGradlePluginConfigurationErrors SKIPPED
> Task :expo-module-gradle-plugin:pluginDescriptors
> Task :expo-dev-launcher-gradle-plugin:pluginDescriptors
> Task :expo-dev-launcher-gradle-plugin:processResources
> Task :expo-module-gradle-plugin:processResources
> Task :expo-gradle-plugin:expo-autolinking-plugin:pluginDescriptors
> Task :expo-gradle-plugin:expo-autolinking-plugin:processResources
> Task :gradle-plugin:react-native-gradle-plugin:pluginDescriptors
> Task :gradle-plugin:react-native-gradle-plugin:processResources
> Task :expo-gradle-plugin:expo-autolinking-plugin:compileKotlin
> Task :expo-gradle-plugin:expo-autolinking-plugin:compileJava NO-SOURCE
> Task :expo-gradle-plugin:expo-autolinking-plugin:classes
> Task :expo-gradle-plugin:expo-autolinking-plugin:jar
> Task :gradle-plugin:react-native-gradle-plugin:compileKotlin
> Task :gradle-plugin:react-native-gradle-plugin:compileJava NO-SOURCE
> Task :gradle-plugin:react-native-gradle-plugin:classes
> Task :gradle-plugin:react-native-gradle-plugin:jar
> Task :expo-dev-launcher-gradle-plugin:compileKotlin
> Task :expo-dev-launcher-gradle-plugin:compileJava
NO-SOURCE
> Task :expo-dev-launcher-gradle-plugin:classes
> Task :expo-dev-launcher-gradle-plugin:jar
> Task :expo-module-gradle-plugin:compileKotlin
w: file:///home/expo/workingdir/build/node_modules/expo-modules-core/expo-module-gradle-plugin/src/main/kotlin/expo/modules/plugin/android/AndroidLibraryExtension.kt:9:24 'var targetSdk: Int?' is deprecated. Will be removed from library DSL in v9.0. Use testOptions.targetSdk or/and lint.targetSdk instead.
> Task :expo-module-gradle-plugin:compileJava NO-SOURCE
> Task :expo-module-gradle-plugin:classes
> Task :expo-module-gradle-plugin:jar
> Configure project :
[ExpoRootProject] Using the following versions:
- buildTools:  36.0.0
  - minSdk:      24
  - compileSdk:  36
  - targetSdk:   36
  - ndk:         27.1.12297006
  - kotlin:      2.1.20
  - ksp:         2.1.20-2.0.1
> Configure project :app
ℹ️  Applying gradle plugin 'expo-dev-launcher-gradle-plugin'
> Configure project :expo
Using expo modules
  - expo-constants (18.0.13)
  - expo-dev-client (6.0.20)
  - expo-dev-launcher (6.0.20)
- expo-dev-menu (7.0.18)
  - expo-dev-menu-interface (2.0.0)
  - expo-json-utils (0.15.0)
- expo-manifests (1.0.10)
- expo-modules-core (3.0.29)
- expo-updates-interface (2.0.0)
- [📦] expo-asset (12.0.12)
  - [📦] expo-file-system (19.0.21)
  - [📦] expo-font (14.0.11)
  - [📦] expo-haptics (15.0.8)
  - [📦] expo-image (3.0.11)
  - [📦] expo-keep-awake (15.0.8)
  - [📦] expo-linking (8.0.11)
  - [📦] expo-splash-screen (31.0.13)
  - [📦] expo-sqlite (16.0.10)
- [📦] expo-system-ui (6.0.9)
  - [📦] expo-web-browser (15.0.10)
> Configure project :react-native-nitro-modules
[NitroModules] 🔥 Your app is boosted by nitro modules!
> Configure project :runanywhere_core
[NitroModules] 🔥 runanywherecore is boosted by nitro!
[RunAnywhereCore] Using node binary: node
Checking the license for package NDK (Side by side) 27.0.12077973 in /home/expo/Android/Sdk/licenses
License for package NDK (Side by side) 27.0.12077973 accepted.
Preparing "Install NDK (Side by side) 27.0.12077973 v.27.0.12077973".
"Install NDK (Side by side) 27.0.12077973 v.27.0.12077973" ready.
Installing NDK (Side by side) 27.0.12077973 in /home/expo/Android/Sdk/ndk/27.0.12077973
"Install NDK (Side by side) 27.0.12077973 v.27.0.12077973" complete.
"Install NDK (Side by side) 27.0.12077973 v.27.0.12077973" finished.
> Configure project :runanywhere_llamacpp
[NitroModules] 🔥 runanywherellama is boosted by nitro!
[RunAnywhereLlama] Using node binary: node
Checking the license for package Android SDK Build-Tools 36 in /home/expo/Android/Sdk/licenses
License for package Android SDK Build-Tools 36 accepted.
Preparing "Install Android SDK Build-Tools 36 v.36.0.0".
"Install Android SDK Build-Tools 36 v.36.0.0" ready.
Installing Android SDK Build-Tools 36 in /home/expo/Android/Sdk/build-tools/36.0.0
"Install Android SDK Build-Tools 36 v.36.0.0" complete.
"Install Android SDK Build-Tools 36 v.36.0.0" finished.
[=========                              ] 25%
[=======================================] 100% Fetch remote repository...       
> Task :expo-dev-menu:preBuild UP-TO-DATE
> Task :expo-dev-menu-interface:preBuild UP-TO-DATE
> Task :expo-dev-launcher:preBuild UP-TO-DATE
> Task :expo-json-utils:preBuild UP-TO-DATE
> Task :expo-dev-client:preBuild UP-TO-DATE
> Task :expo-manifests:preBuild UP-TO-DATE
> Task :expo-modules-core:preBuild UP-TO-DATE
> Task :expo-updates-interface:preBuild UP-TO-DATE
> Task :app:generateAutolinkingNewArchitectureFiles
> Task :app:generateAutolinkingPackageList
> Task :app:generateCodegenSchemaFromJavaScript SKIPPED
> Task :app:generateCodegenArtifactsFromSchema SKIPPED
> Task :app:generateReactNativeEntryPoint
> Task :react-native-reanimated:assertMinimalReactNativeVersionTask
> Task :react-native-reanimated:assertNewArchitectureEnabledTask SKIPPED
> Task :react-native-worklets:assertMinimalReactNativeVersionTask
> Task :react-native-worklets:assertNewArchitectureEnabledTask SKIPPED
> Task :react-native-reanimated:assertWorkletsVersionTask
> Task :expo-constants:createExpoConfig
> Task :expo-constants:preBuild
The NODE_ENV environment variable is required but was not specified. Ensure the project is bundled with Expo CLI or NODE_ENV is set. Using only .env.local and .env
> Task :react-native-gesture-handler:generateCodegenSchemaFromJavaScript
> Task :react-native-safe-area-context:generateCodegenSchemaFromJavaScript
> Task :react-native-screens:generateCodegenSchemaFromJavaScript
> Task :react-native-nitro-modules:generateCodegenSchemaFromJavaScript
> Task :react-native-worklets:generateCodegenSchemaFromJavaScript
> Task :react-native-reanimated:generateCodegenSchemaFromJavaScript
> Task :react-native-safe-area-context:generateCodegenArtifactsFromSchema
> Task :react-native-safe-area-context:preBuild
> Task :react-native-gesture-handler:generateCodegenArtifactsFromSchema
> Task :react-native-gesture-handler:preBuild
> Task :expo-constants:preReleaseBuild
> Task :react-native-nitro-modules:generateCodegenArtifactsFromSchema
> Task :expo:generatePackagesList
> Task :expo:preBuild
> Task :expo:preReleaseBuild
> Task :react-native-screens:generateCodegenArtifactsFromSchema
> Task :react-native-screens:preBuild
> Task :expo-dev-client:preReleaseBuild UP-TO-DATE
> Task :react-native-worklets:generateCodegenArtifactsFromSchema
> Task :react-native-worklets:prepareWorkletsHeadersForPrefabs
> Task :react-native-worklets:preBuild
> Task :react-native-worklets:preReleaseBuild
> Task :expo:mergeReleaseJniLibFolders
> Task :expo-dev-client:mergeReleaseJniLibFolders
> Task :expo:mergeReleaseNativeLibs NO-SOURCE
> Task :expo-dev-client:mergeReleaseNativeLibs
NO-SOURCE
> Task :expo:copyReleaseJniLibsProjectOnly
> Task :expo-dev-client:copyReleaseJniLibsProjectOnly
> Task :expo-dev-launcher:preReleaseBuild UP-TO-DATE
> Task :expo-dev-menu:preReleaseBuild UP-TO-DATE
> Task :react-native-reanimated:generateCodegenArtifactsFromSchema
> Task :expo-dev-menu:mergeReleaseJniLibFolders
> Task :expo-dev-launcher:mergeReleaseJniLibFolders
> Task :expo-dev-launcher:mergeReleaseNativeLibs NO-SOURCE
> Task :expo-dev-menu:mergeReleaseNativeLibs NO-SOURCE
> Task :expo-dev-launcher:copyReleaseJniLibsProjectOnly
> Task :expo-dev-menu:copyReleaseJniLibsProjectOnly
> Task :expo-dev-menu-interface:preReleaseBuild UP-TO-DATE
> Task :expo-json-utils:preReleaseBuild UP-TO-DATE
> Task :expo-dev-menu-interface:mergeReleaseJniLibFolders
> Task :expo-json-utils:mergeReleaseJniLibFolders
> Task :expo-dev-menu-interface:mergeReleaseNativeLibs NO-SOURCE
> Task :expo-json-utils:mergeReleaseNativeLibs NO-SOURCE
> Task :expo-json-utils:copyReleaseJniLibsProjectOnly
> Task :expo-dev-menu-interface:copyReleaseJniLibsProjectOnly
> Task :expo-manifests:preReleaseBuild UP-TO-DATE
> Task :expo-modules-core:preReleaseBuild UP-TO-DATE
> Task :expo-manifests:mergeReleaseJniLibFolders
> Task :expo-manifests:mergeReleaseNativeLibs NO-SOURCE
> Task :expo-manifests:copyReleaseJniLibsProjectOnly
> Task :expo-updates-interface:preReleaseBuild UP-TO-DATE
> Task :expo-updates-interface:mergeReleaseJniLibFolders
> Task :expo-updates-interface:mergeReleaseNativeLibs NO-SOURCE
> Task :react-native-reanimated:prepareReanimatedHeadersForPrefabs
> Task :react-native-reanimated:preBuild
> Task :react-native-reanimated:preReleaseBuild
> Task :react-native-gesture-handler:preReleaseBuild
> Task :react-native-gesture-handler:mergeReleaseJniLibFolders
> Task :react-native-reanimated:mergeReleaseJniLibFolders
> Task :react-native-safe-area-context:preReleaseBuild
> Task :react-native-safe-area-context:mergeReleaseJniLibFolders
> Task :react-native-safe-area-context:mergeReleaseNativeLibs NO-SOURCE
> Task :react-native-safe-area-context:copyReleaseJniLibsProjectOnly
> Task :react-native-screens:preReleaseBuild
> Task :expo-updates-interface:copyReleaseJniLibsProjectOnly
> Task :react-native-gesture-handler:checkKotlinGradlePluginConfigurationErrors SKIPPED
> Task :expo-constants:mergeReleaseJniLibFolders
> Task :expo-constants:mergeReleaseNativeLibs NO-SOURCE
> Task :expo-constants:copyReleaseJniLibsProjectOnly
> Task :react-native-reanimated:generateReleaseBuildConfig
> Task :react-native-gesture-handler:generateReleaseBuildConfig
> Task :react-native-gesture-handler:generateReleaseResValues
> Task :react-native-reanimated:generateReleaseResValues
> Task :react-native-gesture-handler:generateReleaseResources
> Task :react-native-reanimated:generateReleaseResources
> Task :react-native-nitro-modules:prepareHeaders
> Task :react-native-nitro-modules:preBuild
> Task :react-native-nitro-modules:preReleaseBuild
> Task :react-native-gesture-handler:packageReleaseResources
> Task :react-native-reanimated:packageReleaseResources
> Task :runanywhere_core:downloadNativeLibs
[RunAnywhereCore] ⚠️ Bundled libs found for arm64-v8a but missing for: armeabi-v7a, x86
[RunAnywhereCore] Attempting to download missing ABIs from GitHub releases...
[RunAnywhereCore] ✅ Downloaded missing ABIs successfully
> Task :runanywhere_llamacpp:downloadNativeLibs
[RunAnywhereLlama] ⚠️ Bundled libs found for arm64-v8a but missing for: armeabi-v7a, x86
[RunAnywhereLlama] Attempting to download missing ABIs from GitHub releases...
[RunAnywhereLlama] ⚠️ Could not download missing ABIs: https://github.com/RunanywhereAI/runanywhere-sdks/releases/download/core-v0.1.4/RABackendLlamaCPP-android-v0.1.4.zip
[RunAnywhereLlama] Building with available ABIs only (arm64-v8a)
> Task :runanywhere_llamacpp:generateCodegenSchemaFromJavaScript
> Task :runanywhere_core:generateCodegenSchemaFromJavaScript
No modules to process in combine-js-to-schema-cli. If this is unexpected, please check if you set up your NativeComponent correctly. See combine-js-to-schema.js for how codegen finds modules.
No modules to process in combine-js-to-schema-cli. If this is unexpected, please check if you set up your NativeComponent correctly. See combine-js-to-schema.js for how codegen finds modules.
> Task :runanywhere_core:generateCodegenArtifactsFromSchema
> Task :runanywhere_core:preBuild
> Task :runanywhere_core:preReleaseBuild
> Task :runanywhere_llamacpp:generateCodegenArtifactsFromSchema
> Task :runanywhere_llamacpp:preBuild
> Task :app:preBuild
> Task :app:preReleaseBuild
> Task :app:mergeReleaseJniLibFolders
> Task :runanywhere_llamacpp:preReleaseBuild
> Task :react-native-reanimated:parseReleaseLocalResources
> Task :react-native-gesture-handler:parseReleaseLocalResources
> Task :runanywhere_core:mergeReleaseJniLibFolders
> Task :runanywhere_core:checkKotlinGradlePluginConfigurationErrors SKIPPED
> Task :runanywhere_core:generateReleaseBuildConfig
> Task :runanywhere_core:generateReleaseResValues
> Task :runanywhere_core:generateReleaseResources
> Task :react-native-gesture-handler:generateReleaseRFile
> Task :react-native-reanimated:generateReleaseRFile
> Task :react-native-reanimated:javaPreCompileRelease
> Task :react-native-gesture-handler:javaPreCompileRelease
> Task :react-native-safe-area-context:checkKotlinGradlePluginConfigurationErrors SKIPPED
> Task :expo:checkKotlinGradlePluginConfigurationErrors SKIPPED
> Task :expo:generateReleaseBuildConfig
> Task :expo:generateReleaseResValues
> Task :react-native-safe-area-context:generateReleaseBuildConfig
> Task :react-native-safe-area-context:generateReleaseResValues
> Task :expo:generateReleaseResources
> Task :react-native-safe-area-context:generateReleaseResources
> Task :expo:packageReleaseResources
> Task :react-native-safe-area-context:packageReleaseResources
> Task :react-native-safe-area-context:parseReleaseLocalResources
> Task :expo:parseReleaseLocalResources
> Task :expo:generateReleaseRFile
> Task :react-native-safe-area-context:generateReleaseRFile
> Task :expo-constants:checkKotlinGradlePluginConfigurationErrors SKIPPED
> Task :expo-constants:generateReleaseBuildConfig
> Task :react-native-safe-area-context:javaPreCompileRelease
> Task :expo-constants:generateReleaseResValues
> Task :expo-constants:generateReleaseResources
> Task :expo-constants:packageReleaseResources
> Task :runanywhere_llamacpp:mergeReleaseJniLibFolders
> Task :runanywhere_llamacpp:checkKotlinGradlePluginConfigurationErrors SKIPPED
> Task :runanywhere_core:packageReleaseResources
> Task :runanywhere_llamacpp:generateReleaseBuildConfig
> Task :expo-constants:parseReleaseLocalResources
> Task :runanywhere_llamacpp:generateReleaseResValues
> Task :runanywhere_llamacpp:generateReleaseResources
> Task :runanywhere_llamacpp:packageReleaseResources
> Task :runanywhere_core:javaPreCompileRelease
> Task :runanywhere_llamacpp:javaPreCompileRelease
> Task :runanywhere_core:parseReleaseLocalResources
> Task :expo-constants:generateReleaseRFile
> Task :expo-constants:javaPreCompileRelease
> Task :expo-dev-client:checkKotlinGradlePluginConfigurationErrors SKIPPED
> Task :runanywhere_core:generateReleaseRFile
> Task :expo-dev-launcher:checkKotlinGradlePluginConfigurationErrors SKIPPED
> Task :runanywhere_llamacpp:parseReleaseLocalResources
> Task :react-native-worklets:configureCMakeRelWithDebInfo[arm64-v8a]
Checking the license for package CMake 3.22.1 in /home/expo/Android/Sdk/licenses
License for package CMake 3.22.1 accepted.
Preparing "Install CMake 3.22.1 v.3.22.1".
"Install CMake 3.22.1 v.3.22.1" ready.
Installing CMake 3.22.1 in /home/expo/Android/Sdk/cmake/3.22.1
"Install CMake 3.22.1 v.3.22.1" complete.
"Install CMake 3.22.1 v.3.22.1" finished.
> Task :runanywhere_llamacpp:generateReleaseRFile
> Task :expo-dev-menu:generateReleaseResValues
> Task :expo-dev-menu:generateReleaseResources
> Task :expo-dev-menu:packageReleaseResources
> Task :expo-dev-menu:parseReleaseLocalResources
> Task :expo-dev-menu:generateReleaseRFile
> Task :expo-dev-menu-interface:generateReleaseResValues
> Task :expo-dev-menu-interface:generateReleaseResources
> Task :expo-dev-menu-interface:packageReleaseResources
> Task :expo-dev-menu-interface:parseReleaseLocalResources
> Task :expo-dev-menu-interface:generateReleaseRFile
> Task :expo-json-utils:generateReleaseResValues
> Task :expo-json-utils:generateReleaseResources
> Task :expo-json-utils:packageReleaseResources
> Task :expo-json-utils:parseReleaseLocalResources
> Task :expo-dev-client:generateReleaseResValues
> Task :expo-dev-client:generateReleaseResources
> Task :expo-dev-client:dataBindingMergeDependencyArtifactsRelease
> Task :expo-dev-client:packageReleaseResources
> Task :expo-dev-client:parseReleaseLocalResources
> Task :expo-json-utils:generateReleaseRFile
> Task :expo-manifests:generateReleaseResValues
> Task :expo-manifests:generateReleaseResources
> Task :expo-manifests:packageReleaseResources
> Task :expo-manifests:parseReleaseLocalResources
> Task :expo-dev-client:dataBindingGenBaseClassesRelease
> Task :expo-dev-client:generateReleaseBuildConfig
> Task :expo-manifests:generateReleaseRFile
> Task :expo-dev-client:generateReleaseRFile
> Task :expo-updates-interface:generateReleaseResValues
> Task :expo-updates-interface:generateReleaseResources
> Task :expo-updates-interface:packageReleaseResources
> Task :expo-dev-client:javaPreCompileRelease
> Task :expo-dev-menu:checkKotlinGradlePluginConfigurationErrors SKIPPED
> Task :expo-dev-menu:generateReleaseBuildConfig
> Task :expo-dev-menu-interface:checkKotlinGradlePluginConfigurationErrors SKIPPED
> Task :expo-dev-menu-interface:generateReleaseBuildConfig
> Task :expo-updates-interface:parseReleaseLocalResources
> Task :expo-dev-menu-interface:javaPreCompileRelease
> Task :expo-json-utils:checkKotlinGradlePluginConfigurationErrors SKIPPED
> Task :expo-json-utils:generateReleaseBuildConfig
> Task :expo-updates-interface:generateReleaseRFile
> Task :expo-manifests:checkKotlinGradlePluginConfigurationErrors SKIPPED
> Task :expo-json-utils:javaPreCompileRelease
> Task :expo-dev-menu:javaPreCompileRelease
> Task :expo-manifests:generateReleaseBuildConfig
> Task :expo-updates-interface:checkKotlinGradlePluginConfigurationErrors SKIPPED
> Task :expo-updates-interface:generateReleaseBuildConfig
> Task :expo-manifests:javaPreCompileRelease
> Task :expo-updates-interface:javaPreCompileRelease
> Task :expo:javaPreCompileRelease
> Task :expo:writeReleaseAarMetadata
> Task :expo-constants:writeReleaseAarMetadata
> Task :expo-dev-client:writeReleaseAarMetadata
> Task :expo-dev-menu:writeReleaseAarMetadata
> Task :expo-dev-menu-interface:writeReleaseAarMetadata
> Task :expo-json-utils:writeReleaseAarMetadata
> Task :expo-manifests:writeReleaseAarMetadata
> Task :expo-updates-interface:writeReleaseAarMetadata
> Task :react-native-gesture-handler:writeReleaseAarMetadata
> Task :react-native-reanimated:writeReleaseAarMetadata
> Task :react-native-safe-area-context:writeReleaseAarMetadata
> Task :runanywhere_core:writeReleaseAarMetadata
> Task :runanywhere_llamacpp:writeReleaseAarMetadata
> Task :expo:extractDeepLinksRelease
> Task :app:checkReleaseDuplicateClasses
> Task :app:buildKotlinToolingMetadata
> Task :app:checkKotlinGradlePluginConfigurationErrors SKIPPED
> Task :expo:processReleaseManifest
> Task :app:generateReleaseBuildConfig
> Task :expo-constants:extractDeepLinksRelease
> Task :expo-constants:processReleaseManifest
> Task :expo-dev-client:extractDeepLinksRelease
> Task :expo-dev-client:processReleaseManifest
> Task :expo-dev-menu:extractDeepLinksRelease
> Task :expo-dev-menu:processReleaseManifest
> Task :expo-dev-menu-interface:extractDeepLinksRelease
> Task :expo-dev-menu-interface:processReleaseManifest
> Task :expo-json-utils:extractDeepLinksRelease
> Task :expo-json-utils:processReleaseManifest
> Task :expo-manifests:extractDeepLinksRelease
> Task :expo-manifests:processReleaseManifest
> Task :expo-updates-interface:extractDeepLinksRelease
> Task :expo-updates-interface:processReleaseManifest
> Task :react-native-gesture-handler:extractDeepLinksRelease
> Task :react-native-gesture-handler:processReleaseManifest
> Task :react-native-reanimated:extractDeepLinksRelease
> Task :react-native-reanimated:processReleaseManifest
> Task :react-native-safe-area-context:extractDeepLinksRelease
> Task :react-native-safe-area-context:processReleaseManifest
package="com.th3rdwave.safeareacontext" found in source AndroidManifest.xml: /home/expo/workingdir/build/node_modules/react-native-safe-area-context/android/src/main/AndroidManifest.xml.
Setting the namespace via the package attribute in the source AndroidManifest.xml is no longer supported, and the value is ignored.
Recommendation: remove package="com.th3rdwave.safeareacontext" from the source AndroidManifest.xml: /home/expo/workingdir/build/node_modules/react-native-safe-area-context/android/src/main/AndroidManifest.xml.
> Task :runanywhere_core:extractDeepLinksRelease
> Task :runanywhere_core:processReleaseManifest
package="com.margelo.nitro.runanywhere.core" found in source AndroidManifest.xml: /home/expo/workingdir/build/node_modules/@runanywhere/core/android/src/main/AndroidManifest.xml.
Setting the namespace via the package attribute in the source AndroidManifest.xml is no longer supported, and the value is ignored.
Recommendation: remove package="com.margelo.nitro.runanywhere.core" from the source AndroidManifest.xml: /home/expo/workingdir/build/node_modules/@runanywhere/core/android/src/main/AndroidManifest.xml.
> Task :runanywhere_llamacpp:extractDeepLinksRelease
> Task :runanywhere_llamacpp:processReleaseManifest
package="com.margelo.nitro.runanywhere.llama" found in source AndroidManifest.xml: /home/expo/workingdir/build/node_modules/@runanywhere/llamacpp/android/src/main/AndroidManifest.xml.
Setting the namespace via the package attribute in the source AndroidManifest.xml is no longer supported, and the value is ignored.
Recommendation: remove package="com.margelo.nitro.runanywhere.llama" from the source AndroidManifest.xml: /home/expo/workingdir/build/node_modules/@runanywhere/llamacpp/android/src/main/AndroidManifest.xml.
> Task :expo:compileReleaseLibraryResources
> Task :expo-constants:compileReleaseLibraryResources
> Task :expo-dev-client:compileReleaseLibraryResources
> Task :expo-dev-menu:compileReleaseLibraryResources
> Task :expo-dev-menu-interface:compileReleaseLibraryResources
> Task :expo-json-utils:compileReleaseLibraryResources
> Task :expo-manifests:compileReleaseLibraryResources
> Task :expo-updates-interface:compileReleaseLibraryResources
> Task :react-native-gesture-handler:compileReleaseLibraryResources
> Task :react-native-reanimated:compileReleaseLibraryResources
> Task :react-native-safe-area-context:compileReleaseLibraryResources
> Task :runanywhere_core:compileReleaseLibraryResources
> Task :runanywhere_llamacpp:compileReleaseLibraryResources
> Task :expo:prepareReleaseArtProfile
> Task :expo-constants:prepareReleaseArtProfile
> Task :expo-dev-client:prepareReleaseArtProfile
> Task :expo-dev-menu:prepareReleaseArtProfile
> Task :expo-dev-menu-interface:prepareReleaseArtProfile
> Task :expo-json-utils:prepareReleaseArtProfile
> Task :expo-manifests:prepareReleaseArtProfile
> Task :expo-updates-interface:prepareReleaseArtProfile
> Task :react-native-gesture-handler:prepareReleaseArtProfile
> Task :react-native-reanimated:prepareReleaseArtProfile
> Task :react-native-safe-area-context:prepareReleaseArtProfile
> Task :runanywhere_core:prepareReleaseArtProfile
> Task :runanywhere_llamacpp:prepareReleaseArtProfile
> Task :expo:mergeReleaseShaders
> Task :expo:compileReleaseShaders NO-SOURCE
> Task :expo:generateReleaseAssets UP-TO-DATE
> Task :expo:mergeReleaseAssets
> Task :expo-constants:mergeReleaseShaders
> Task :expo-constants:compileReleaseShaders NO-SOURCE
> Task :expo-constants:generateReleaseAssets UP-TO-DATE
> Task :expo-constants:mergeReleaseAssets
> Task :expo-dev-client:mergeReleaseShaders
> Task :expo-dev-client:compileReleaseShaders NO-SOURCE
> Task :expo-dev-client:generateReleaseAssets UP-TO-DATE
> Task :expo-dev-client:mergeReleaseAssets
> Task :expo-dev-menu:mergeReleaseShaders
> Task :expo-dev-menu:compileReleaseShaders NO-SOURCE
> Task :expo-dev-menu:generateReleaseAssets UP-TO-DATE
> Task :expo-dev-menu:mergeReleaseAssets
> Task :expo-dev-menu-interface:mergeReleaseShaders
> Task :expo-dev-menu-interface:compileReleaseShaders NO-SOURCE
> Task :expo-dev-menu-interface:generateReleaseAssets UP-TO-DATE
> Task :expo-dev-menu-interface:mergeReleaseAssets
> Task :expo-json-utils:mergeReleaseShaders
> Task :expo-json-utils:compileReleaseShaders NO-SOURCE
> Task :expo-json-utils:generateReleaseAssets UP-TO-DATE
> Task :expo-json-utils:mergeReleaseAssets
> Task :expo-manifests:mergeReleaseShaders
> Task :expo-manifests:compileReleaseShaders NO-SOURCE
> Task :expo-manifests:generateReleaseAssets UP-TO-DATE
> Task :expo-manifests:mergeReleaseAssets
> Task :expo-updates-interface:mergeReleaseShaders
> Task :expo-updates-interface:compileReleaseShaders NO-SOURCE
> Task :expo-updates-interface:generateReleaseAssets UP-TO-DATE
> Task :expo-updates-interface:mergeReleaseAssets
> Task :react-native-gesture-handler:mergeReleaseShaders
> Task :react-native-gesture-handler:compileReleaseShaders NO-SOURCE
> Task :react-native-gesture-handler:generateReleaseAssets UP-TO-DATE
> Task :react-native-gesture-handler:mergeReleaseAssets
> Task :react-native-reanimated:mergeReleaseShaders
> Task :react-native-reanimated:compileReleaseShaders NO-SOURCE
> Task :react-native-reanimated:generateReleaseAssets UP-TO-DATE
> Task :react-native-reanimated:mergeReleaseAssets
> Task :react-native-safe-area-context:mergeReleaseShaders
> Task :react-native-safe-area-context:compileReleaseShaders NO-SOURCE
> Task :react-native-safe-area-context:generateReleaseAssets UP-TO-DATE
> Task :react-native-safe-area-context:mergeReleaseAssets
> Task :runanywhere_core:mergeReleaseShaders
> Task :runanywhere_core:compileReleaseShaders NO-SOURCE
> Task :runanywhere_core:generateReleaseAssets UP-TO-DATE
> Task :runanywhere_core:mergeReleaseAssets
> Task :runanywhere_llamacpp:mergeReleaseShaders
> Task :runanywhere_llamacpp:compileReleaseShaders NO-SOURCE
> Task :runanywhere_llamacpp:generateReleaseAssets UP-TO-DATE
> Task :runanywhere_llamacpp:mergeReleaseAssets
> Task :expo:extractProguardFiles
> Task :expo-constants:extractProguardFiles
> Task :expo-constants:prepareLintJarForPublish
> Task :expo-dev-client:extractProguardFiles
> Task :expo-dev-client:prepareLintJarForPublish
> Task :expo-dev-menu:extractProguardFiles
> Task :expo-dev-menu-interface:extractProguardFiles
> Task :expo-dev-menu-interface:prepareLintJarForPublish
> Task :expo-json-utils:extractProguardFiles
> Task :expo-json-utils:prepareLintJarForPublish
> Task :expo-manifests:extractProguardFiles
> Task :expo-manifests:prepareLintJarForPublish
> Task :expo-dev-menu:prepareLintJarForPublish
> Task :expo-updates-interface:extractProguardFiles
> Task :expo-updates-interface:prepareLintJarForPublish
> Task :expo:prepareLintJarForPublish
> Task :react-native-gesture-handler:extractProguardFiles
> Task :react-native-reanimated:processReleaseJavaRes NO-SOURCE
> Task :react-native-reanimated:extractProguardFiles
> Task :react-native-reanimated:prepareLintJarForPublish
> Task :react-native-gesture-handler:prepareLintJarForPublish
> Task :react-native-safe-area-context:extractProguardFiles
> Task :react-native-safe-area-context:prepareLintJarForPublish
> Task :runanywhere_core:extractProguardFiles
> Task :runanywhere_core:prepareLintJarForPublish
> Task :runanywhere_llamacpp:extractProguardFiles
> Task :runanywhere_llamacpp:prepareLintJarForPublish
> Task :runanywhere_llamacpp:extractDeepLinksForAarRelease
> Task :runanywhere_core:extractDeepLinksForAarRelease
> Task :react-native-gesture-handler:extractDeepLinksForAarRelease
> Task :react-native-safe-area-context:stripReleaseDebugSymbols NO-SOURCE
> Task :react-native-safe-area-context:copyReleaseJniLibsProjectAndLocalJars
> Task :react-native-safe-area-context:extractDeepLinksForAarRelease
> Task :expo:stripReleaseDebugSymbols NO-SOURCE
> Task :expo:copyReleaseJniLibsProjectAndLocalJars
> Task :expo:extractDeepLinksForAarRelease
> Task :react-native-reanimated:extractDeepLinksForAarRelease
> Task :react-native-safe-area-context:compileReleaseKotlin
w: file:///home/expo/workingdir/build/node_modules/react-native-safe-area-context/android/src/main/java/com/th3rdwave/safeareacontext/SafeAreaView.kt:59:23 'val uiImplementation: UIImplementation!' is deprecated. Deprecated in Java.
> Task :react-native-reanimated:mergeReleaseJavaResource
> Task :expo-dev-menu:stripReleaseDebugSymbols NO-SOURCE
> Task :expo-dev-menu:copyReleaseJniLibsProjectAndLocalJars
> Task :expo-dev-menu:extractDeepLinksForAarRelease
> Task :expo-dev-menu-interface:stripReleaseDebugSymbols NO-SOURCE
> Task :expo-dev-menu-interface:copyReleaseJniLibsProjectAndLocalJars
> Task :expo-dev-menu-interface:extractDeepLinksForAarRelease
> Task :expo-constants:stripReleaseDebugSymbols NO-SOURCE
> Task :expo-constants:copyReleaseJniLibsProjectAndLocalJars
> Task :expo-constants:extractDeepLinksForAarRelease
> Task :expo-dev-client:stripReleaseDebugSymbols NO-SOURCE
> Task :expo-dev-client:copyReleaseJniLibsProjectAndLocalJars
> Task :expo-dev-client:extractDeepLinksForAarRelease
> Task :expo-manifests:stripReleaseDebugSymbols NO-SOURCE
> Task :expo-manifests:copyReleaseJniLibsProjectAndLocalJars
> Task :expo-manifests:extractDeepLinksForAarRelease
> Task :expo-json-utils:stripReleaseDebugSymbols NO-SOURCE
> Task :expo-json-utils:copyReleaseJniLibsProjectAndLocalJars
> Task :expo-json-utils:extractDeepLinksForAarRelease
> Task :expo-updates-interface:stripReleaseDebugSymbols NO-SOURCE
> Task :expo-updates-interface:copyReleaseJniLibsProjectAndLocalJars
> Task :expo-updates-interface:extractDeepLinksForAarRelease
> Task :expo-constants:writeReleaseLintModelMetadata
> Task :expo-dev-client:writeReleaseLintModelMetadata
> Task :expo-dev-menu:writeReleaseLintModelMetadata
> Task :expo-dev-menu-interface:writeReleaseLintModelMetadata
> Task :expo-json-utils:writeReleaseLintModelMetadata
> Task :expo-manifests:writeReleaseLintModelMetadata
> Task :expo-updates-interface:writeReleaseLintModelMetadata
> Task :expo:writeReleaseLintModelMetadata
> Task :react-native-reanimated:writeReleaseLintModelMetadata
> Task :react-native-gesture-handler:writeReleaseLintModelMetadata
> Task :react-native-safe-area-context:writeReleaseLintModelMetadata
> Task :runanywhere_core:writeReleaseLintModelMetadata
> Task :runanywhere_llamacpp:writeReleaseLintModelMetadata
> Task :app:createBundleReleaseJsAndAssets
React Compiler enabled
Starting Metro Bundler
> Task :expo-dev-launcher:dataBindingMergeDependencyArtifactsRelease
> Task :expo-dev-launcher:generateReleaseResValues
> Task :expo-dev-launcher:generateReleaseResources
> Task :expo-dev-launcher:packageReleaseResources
> Task :expo-dev-launcher:generateReleaseBuildConfig
> Task :expo-dev-launcher:checkApolloVersions
> Task :expo-dev-launcher:parseReleaseLocalResources
> Task :expo-dev-launcher:generateServiceApolloOptions
> Task :expo-dev-launcher:dataBindingGenBaseClassesRelease
> Task :expo-dev-launcher:generateReleaseRFile
> Task :expo-dev-launcher:javaPreCompileRelease
> Task :expo-dev-launcher:writeReleaseAarMetadata
> Task :expo-dev-launcher:extractDeepLinksRelease
> Task :expo-dev-launcher:processReleaseManifest
> Task :expo-dev-launcher:compileReleaseLibraryResources
> Task :expo-dev-launcher:prepareReleaseArtProfile
> Task :expo-dev-launcher:mergeReleaseShaders
> Task :expo-dev-launcher:compileReleaseShaders NO-SOURCE
> Task :expo-dev-launcher:generateReleaseAssets UP-TO-DATE
> Task :expo-dev-launcher:mergeReleaseAssets
> Task :expo-dev-launcher:extractProguardFiles
> Task :expo-dev-launcher:prepareLintJarForPublish
> Task :expo-dev-launcher:stripReleaseDebugSymbols NO-SOURCE
> Task :expo-dev-launcher:copyReleaseJniLibsProjectAndLocalJars
> Task :expo-dev-launcher:extractDeepLinksForAarRelease
> Task :expo-dev-launcher:writeReleaseLintModelMetadata
> Task :expo-dev-launcher:generateServiceApolloSources
w: /home/expo/workingdir/build/node_modules/expo-dev-launcher/android/src/main/graphql/GetBranches.graphql: (21, 11): Apollo: Use of deprecated field `runtimeVersion`
w: /home/expo/workingdir/build/node_modules/expo-dev-launcher/android/src/main/graphql/GetBranches.graphql: (34, 3): Apollo: Variable `platform` is unused
w: /home/expo/workingdir/build/node_modules/expo-dev-launcher/android/src/main/graphql/GetUpdates.graphql: (14, 11): Apollo: Use of deprecated field `runtimeVersion`
> Task :react-native-screens:configureCMakeRelWithDebInfo[arm64-v8a]
> Task :react-native-nitro-modules:configureCMakeRelWithDebInfo[arm64-v8a]
> Task :expo-modules-core:configureCMakeRelWithDebInfo[arm64-v8a]
> Task :app:createBundleReleaseJsAndAssets
Android node_modules/expo-router/entry.js ▓▓▓▓▓▓▓▓▓▓▓▓▓▓▓░ 99.9% (1405/1405)
Android Bundled 2524ms node_modules/expo-router/entry.js (1405 modules)
Writing bundle output to: /home/expo/workingdir/build/android/app/build/generated/assets/createBundleReleaseJsAndAssets/index.android.bundle
Writing sourcemap output to: /home/expo/workingdir/build/android/app/build/intermediates/sourcemaps/react/release/index.android.bundle.packager.map
Copying 48 asset files
Done writing bundle output
Done writing sourcemap output
> Task :react-native-worklets:configureCMakeRelWithDebInfo[armeabi-v7a]
> Task :react-native-worklets:configureCMakeRelWithDebInfo[x86]
> Task :react-native-worklets:configureCMakeRelWithDebInfo[x86_64]
> Task :react-native-worklets:generateJsonModelRelease
> Task :react-native-worklets:prefabReleaseConfigurePackage
> Task :react-native-reanimated:configureCMakeRelWithDebInfo[arm64-v8a]
> Task :react-native-safe-area-context:compileReleaseJavaWithJavac
> Task :react-native-reanimated:configureCMakeRelWithDebInfo[armeabi-v7a]
> Task :react-native-safe-area-context:bundleLibRuntimeToDirRelease
> Task :react-native-safe-area-context:bundleLibCompileToJarRelease
> Task :react-native-safe-area-context:bundleLibRuntimeToJarRelease
> Task :react-native-reanimated:configureCMakeRelWithDebInfo[x86]
> Task :react-native-screens:buildCMakeRelWithDebInfo[arm64-v8a]
> Task :react-native-reanimated:configureCMakeRelWithDebInfo[x86_64]
> Task :react-native-reanimated:generateJsonModelRelease
> Task :react-native-reanimated:prefabReleaseConfigurePackage
> Task :react-native-screens:configureCMakeRelWithDebInfo[armeabi-v7a]
> Task :react-native-safe-area-context:processReleaseJavaRes
> Task :react-native-safe-area-context:createFullJarRelease
> Task :react-native-gesture-handler:configureCMakeRelWithDebInfo[arm64-v8a]
> Task :react-native-gesture-handler:configureCMakeRelWithDebInfo[armeabi-v7a]
> Task :app:generateReleaseResValues
> Task :app:generateReleaseResources
> Task :react-native-nitro-modules:buildCMakeRelWithDebInfo[arm64-v8a]
> Task :expo-modules-core:buildCMakeRelWithDebInfo[arm64-v8a]
> Task :app:packageReleaseResources
> Task :app:createReleaseCompatibleScreenManifests
> Task :app:parseReleaseLocalResources
> Task :app:extractDeepLinksRelease
> Task :app:javaPreCompileRelease
> Task :app:desugarReleaseFileDependencies
> Task :app:mergeReleaseStartupProfile
> Task :react-native-gesture-handler:configureCMakeRelWithDebInfo[x86]
> Task :react-native-gesture-handler:configureCMakeRelWithDebInfo[x86_64]
> Task :react-native-nitro-modules:configureCMakeRelWithDebInfo[armeabi-v7a]
> Task :react-native-screens:buildCMakeRelWithDebInfo[armeabi-v7a]
> Task :react-native-worklets:buildCMakeRelWithDebInfo[arm64-v8a][worklets]
> Task :react-native-screens:configureCMakeRelWithDebInfo[x86]
> Task :expo-modules-core:configureCMakeRelWithDebInfo[armeabi-v7a]
> Task :react-native-safe-area-context:generateReleaseLintModel
> Task :react-native-screens:buildCMakeRelWithDebInfo[x86]
> Task :react-native-screens:configureCMakeRelWithDebInfo[x86_64]
> Task :app:mergeExtDexRelease
> Task :react-native-nitro-modules:buildCMakeRelWithDebInfo[armeabi-v7a]
> Task :react-native-nitro-modules:configureCMakeRelWithDebInfo[x86]
> Task :expo-modules-core:buildCMakeRelWithDebInfo[armeabi-v7a]
> Task :react-native-screens:buildCMakeRelWithDebInfo[x86_64]
> Task :react-native-worklets:buildCMakeRelWithDebInfo[armeabi-v7a][worklets]
> Task :expo-modules-core:configureCMakeRelWithDebInfo[x86]
> Task :react-native-nitro-modules:buildCMakeRelWithDebInfo[x86]
> Task :react-native-nitro-modules:configureCMakeRelWithDebInfo[x86_64]
> Task :react-native-screens:mergeReleaseJniLibFolders
> Task :expo-modules-core:buildCMakeRelWithDebInfo[x86]
> Task :react-native-worklets:buildCMakeRelWithDebInfo[x86][worklets]
> Task :expo-modules-core:configureCMakeRelWithDebInfo[x86_64]
> Task :react-native-nitro-modules:buildCMakeRelWithDebInfo[x86_64]
> Task :react-native-nitro-modules:externalNativeBuildRelease
> Task :react-native-nitro-modules:generateJsonModelRelease
> Task :react-native-nitro-modules:prefabReleaseConfigurePackage
> Task :react-native-nitro-modules:prefabReleasePackage
> Task :react-native-nitro-modules:mergeReleaseJniLibFolders
> Task :react-native-nitro-modules:mergeReleaseNativeLibs
> Task :react-native-nitro-modules:copyReleaseJniLibsProjectOnly
> Task :react-native-nitro-modules:checkKotlinGradlePluginConfigurationErrors SKIPPED
> Task :react-native-nitro-modules:generateReleaseBuildConfig
> Task :react-native-nitro-modules:generateReleaseResValues
> Task :react-native-nitro-modules:generateReleaseResources
> Task :react-native-nitro-modules:packageReleaseResources
> Task :react-native-screens:mergeReleaseNativeLibs
> Task :react-native-screens:copyReleaseJniLibsProjectOnly
> Task :react-native-nitro-modules:parseReleaseLocalResources
> Task :react-native-nitro-modules:javaPreCompileRelease
> Task :react-native-screens:checkKotlinGradlePluginConfigurationErrors SKIPPED
> Task :react-native-screens:generateReleaseBuildConfig
> Task :react-native-screens:generateReleaseResValues
> Task :react-native-screens:generateReleaseResources
> Task :react-native-screens:packageReleaseResources
> Task :react-native-nitro-modules:generateReleaseRFile
> Task :react-native-screens:parseReleaseLocalResources
> Task :react-native-screens:generateReleaseRFile
> Task :react-native-nitro-modules:writeReleaseAarMetadata
> Task :react-native-screens:javaPreCompileRelease
> Task :react-native-nitro-modules:extractDeepLinksRelease
> Task :react-native-nitro-modules:processReleaseManifest
> Task :react-native-nitro-modules:compileReleaseLibraryResources
> Task :react-native-nitro-modules:prepareReleaseArtProfile
> Task :react-native-nitro-modules:mergeReleaseShaders
> Task :react-native-nitro-modules:compileReleaseShaders NO-SOURCE
> Task :react-native-nitro-modules:generateReleaseAssets UP-TO-DATE
> Task :react-native-nitro-modules:mergeReleaseAssets
> Task :react-native-nitro-modules:extractProguardFiles
> Task :runanywhere_llamacpp:configureCMakeRelWithDebInfo[arm64-v8a]
> Task :react-native-nitro-modules:prepareLintJarForPublish
> Task :react-native-nitro-modules:compileReleaseKotlin
> Task :react-native-nitro-modules:compileReleaseJavaWithJavac
> Task :react-native-nitro-modules:bundleLibCompileToJarRelease
> Task :react-native-nitro-modules:bundleLibRuntimeToDirRelease
> Task :react-native-screens:writeReleaseAarMetadata
> Task :react-native-screens:extractDeepLinksRelease
> Task :react-native-screens:processReleaseManifest
> Task :react-native-screens:compileReleaseLibraryResources
> Task :react-native-screens:prepareReleaseArtProfile
> Task :react-native-nitro-modules:bundleLibRuntimeToJarRelease
> Task :react-native-screens:mergeReleaseShaders
> Task :react-native-screens:compileReleaseShaders NO-SOURCE
> Task :react-native-screens:generateReleaseAssets UP-TO-DATE
> Task :react-native-screens:mergeReleaseAssets
> Task :react-native-nitro-modules:processReleaseJavaRes
> Task :react-native-nitro-modules:createFullJarRelease
> Task :react-native-nitro-modules:generateReleaseLintModel
> Task :react-native-screens:extractProguardFiles
> Task :react-native-screens:prepareLintJarForPublish
> Task :react-native-screens:stripReleaseDebugSymbols
> Task :react-native-screens:copyReleaseJniLibsProjectAndLocalJars
> Task :react-native-screens:extractDeepLinksForAarRelease
> Task :react-native-nitro-modules:stripReleaseDebugSymbols
> Task :react-native-nitro-modules:copyReleaseJniLibsProjectAndLocalJars
> Task :react-native-nitro-modules:extractDeepLinksForAarRelease
> Task :expo-modules-core:buildCMakeRelWithDebInfo[x86_64]
> Task :expo-modules-core:mergeReleaseJniLibFolders
> Task :expo-modules-core:mergeReleaseNativeLibs
> Task :expo-modules-core:copyReleaseJniLibsProjectOnly
> Task :expo-modules-core:checkKotlinGradlePluginConfigurationErrors SKIPPED
> Task :expo-modules-core:generateReleaseBuildConfig
> Task :expo-modules-core:generateReleaseResValues
> Task :expo-modules-core:generateReleaseResources
> Task :expo-modules-core:packageReleaseResources
> Task :expo-modules-core:parseReleaseLocalResources
> Task :expo-modules-core:generateReleaseRFile
> Task :react-native-safe-area-context:extractReleaseAnnotations
> Task :react-native-nitro-modules:extractReleaseAnnotations
> Task :react-native-safe-area-context:mergeReleaseGeneratedProguardFiles
> Task :react-native-nitro-modules:mergeReleaseGeneratedProguardFiles
> Task :react-native-safe-area-context:mergeReleaseConsumerProguardFiles
> Task :react-native-nitro-modules:mergeReleaseConsumerProguardFiles
> Task :react-native-nitro-modules:mergeReleaseJavaResource
> Task :react-native-nitro-modules:syncReleaseLibJars
> Task :react-native-safe-area-context:mergeReleaseJavaResource
> Task :react-native-safe-area-context:syncReleaseLibJars
> Task :react-native-safe-area-context:bundleReleaseLocalLintAar
> Task :react-native-nitro-modules:bundleReleaseLocalLintAar
> Task :react-native-worklets:buildCMakeRelWithDebInfo[x86_64][worklets]
> Task :runanywhere_core:configureCMakeRelWithDebInfo[arm64-v8a]
> Task :app:configureCMakeRelWithDebInfo[arm64-v8a]
> Task :runanywhere_llamacpp:buildCMakeRelWithDebInfo[arm64-v8a]
C/C++: ninja: Entering directory `/home/expo/workingdir/build/node_modules/@runanywhere/llamacpp/android/.cxx/RelWithDebInfo/55a6ir4x/arm64-v8a'
C/C++: /home/expo/workingdir/build/node_modules/@runanywhere/llamacpp/cpp/HybridRunAnywhereLlama.cpp:63:13: warning: unused function 'extractStringValue' [-Wunused-function]
C/C++:    63 | std::string extractStringValue(const std::string& json, const std::string& key, const std::string& defaultValue = "") {
C/C++:       |             ^~~~~~~~~~~~~~~~~~
C/C++: 1 warning generated.
> Task :app:configureCMakeRelWithDebInfo[armeabi-v7a]
> Task :runanywhere_core:buildCMakeRelWithDebInfo[arm64-v8a]
C/C++: ninja: Entering directory `/home/expo/workingdir/build/node_modules/@runanywhere/core/android/.cxx/RelWithDebInfo/4j3a405u/arm64-v8a'
C/C++: /home/expo/workingdir/build/node_modules/@runanywhere/core/cpp/bridges/InitBridge.cpp:729:17: warning: variable 'levelStr' set but not used [-Wunused-but-set-variable]
C/C++:   729 |     const char* levelStr = "INFO";
C/C++:       |                 ^
C/C++: 1 warning generated.
> Task :app:configureCMakeRelWithDebInfo[x86]
> Task :app:configureCMakeRelWithDebInfo[x86_64]
> Task :expo-modules-core:javaPreCompileRelease
> Task :expo-modules-core:writeReleaseAarMetadata
> Task :expo-modules-core:extractDeepLinksRelease
> Task :expo-modules-core:processReleaseManifest
/home/expo/workingdir/build/node_modules/expo-modules-core/android/src/main/AndroidManifest.xml:8:9-11:45 Warning:
	meta-data#com.facebook.soloader.enabled@android:value was tagged at AndroidManifest.xml:8 to replace other declarations but no other declaration present
> Task :expo-modules-core:compileReleaseLibraryResources
> Task :expo-modules-core:prepareReleaseArtProfile
> Task :app:mergeReleaseShaders
> Task :app:compileReleaseShaders NO-SOURCE
> Task :app:generateReleaseAssets UP-TO-DATE
> Task :expo-modules-core:mergeReleaseShaders
> Task :expo-modules-core:compileReleaseShaders NO-SOURCE
> Task :expo-modules-core:generateReleaseAssets UP-TO-DATE
> Task :expo-modules-core:mergeReleaseAssets
> Task :app:extractReleaseVersionControlInfo
> Task :app:extractProguardFiles
> Task :expo-modules-core:extractProguardFiles
> Task :expo-modules-core:prepareLintJarForPublish
> Task :expo-modules-core:stripReleaseDebugSymbols
> Task :react-native-worklets:externalNativeBuildRelease
> Task :expo-modules-core:copyReleaseJniLibsProjectAndLocalJars
> Task :expo-modules-core:extractDeepLinksForAarRelease
> Task :expo-modules-core:writeReleaseLintModelMetadata
> Task :react-native-worklets:prefabReleasePackage
> Task :runanywhere_llamacpp:configureCMakeRelWithDebInfo[armeabi-v7a]
C/C++: CMake Warning at CMakeLists.txt:22 (message):
C/C++:   [RunAnywhereLlama] RABackendLlamaCPP not found for armeabi-v7a at
C/C++:   /home/expo/workingdir/build/node_modules/@runanywhere/llamacpp/android/src/main/jniLibs/armeabi-v7a/librac_backend_llamacpp.so
C/C++:   This ABI will not be functional.  To fix, run: ./gradlew
C/C++:   :runanywhere_llamacpp:downloadNativeLibs
C/C++:   Or set reactNativeArchitectures=arm64-v8a in gradle.properties to skip this
C/C++:   ABI.
C/C++: CMake Warning:
C/C++:   Manually-specified variables were not used by the project:
C/C++:     REACT_NATIVE_NITRO_BUILD_DIR
> Task :react-native-worklets:mergeReleaseJniLibFolders
> Task :react-native-worklets:mergeReleaseNativeLibs
> Task :react-native-screens:compileReleaseKotlin
> Task :react-native-worklets:copyReleaseJniLibsProjectOnly
> Task :runanywhere_llamacpp:buildCMakeRelWithDebInfo[armeabi-v7a]
> Task :runanywhere_llamacpp:configureCMakeRelWithDebInfo[x86]
C/C++: CMake Warning at CMakeLists.txt:22 (message):
C/C++:   [RunAnywhereLlama] RABackendLlamaCPP not found for x86 at
C/C++:   /home/expo/workingdir/build/node_modules/@runanywhere/llamacpp/android/src/main/jniLibs/x86/librac_backend_llamacpp.so
C/C++:   This ABI will not be functional.  To fix, run: ./gradlew
C/C++:   :runanywhere_llamacpp:downloadNativeLibs
C/C++:   Or set reactNativeArchitectures=arm64-v8a in gradle.properties to skip this
C/C++:   ABI.
C/C++: CMake Warning:
C/C++:   Manually-specified variables were not used by the project:
C/C++:     REACT_NATIVE_NITRO_BUILD_DIR
> Task :runanywhere_llamacpp:buildCMakeRelWithDebInfo[x86]
> Task :runanywhere_llamacpp:configureCMakeRelWithDebInfo[x86_64]
> Task :react-native-worklets:generateReleaseBuildConfig
> Task :react-native-worklets:generateReleaseResValues
> Task :react-native-worklets:generateReleaseResources
> Task :react-native-worklets:packageReleaseResources
> Task :react-native-worklets:parseReleaseLocalResources
> Task :react-native-worklets:generateReleaseRFile
> Task :react-native-worklets:javaPreCompileRelease
> Task :react-native-worklets:compileReleaseJavaWithJavac
Note: /home/expo/workingdir/build/node_modules/react-native-worklets/android/src/main/java/com/swmansion/worklets/WorkletsPackage.java uses unchecked or unsafe operations.
Note: Recompile with -Xlint:unchecked for details.
> Task :react-native-worklets:bundleLibCompileToJarRelease
> Task :react-native-worklets:bundleLibRuntimeToDirRelease
> Task :react-native-worklets:writeReleaseAarMetadata
> Task :app:checkReleaseAarMetadata
> Task :react-native-screens:compileReleaseKotlin
w: file:///home/expo/workingdir/build/node_modules/react-native-screens/android/src/main/java/com/swmansion/rnscreens/RNScreensPackage.kt:56:9 The corresponding parameter in the supertype 'BaseReactPackage' is named 'name'. This may cause problems when calling this function with named arguments.
w: file:///home/expo/workingdir/build/node_modules/react-native-screens/android/src/main/java/com/swmansion/rnscreens/RNScreensPackage.kt:57:9 The corresponding parameter in the supertype 'BaseReactPackage' is named 'reactContext'. This may cause problems when calling this function with named arguments.
w: file:///home/expo/workingdir/build/node_modules/react-native-screens/android/src/main/java/com/swmansion/rnscreens/RNScreensPackage.kt:70:17 'constructor(name: String, className: String, canOverrideExistingModule: Boolean, needsEagerInit: Boolean, hasConstants: Boolean, isCxxModule: Boolean, isTurboModule: Boolean): ReactModuleInfo' is deprecated. This constructor is deprecated and will be removed in the future. Use ReactModuleInfo(String, String, boolean, boolean, boolean, boolean)].
w: file:///home/expo/workingdir/build/node_modules/react-native-screens/android/src/main/java/com/swmansion/rnscreens/Screen.kt:48:77 Unchecked cast of '(CoordinatorLayout.Behavior<View!>?..CoordinatorLayout.Behavior<*>?)' to 'BottomSheetBehavior<Screen>'.
w: file:///home/expo/workingdir/build/node_modules/react-native-screens/android/src/main/java/com/swmansion/rnscreens/Screen.kt:383:36 'fun setTranslucent(screen: Screen, activity: Activity?, context: ReactContext?): Unit' is deprecated. For apps targeting SDK 35 or above this prop has no effect because edge-to-edge is enabled by default and the status bar is always translucent.
w: file:///home/expo/workingdir/build/node_modules/react-native-screens/android/src/main/java/com/swmansion/rnscreens/Screen.kt:402:36 'fun setColor(screen: Screen, activity: Activity?, context: ReactContext?): Unit' is deprecated. For apps targeting SDK 35 or above this prop has no effect because edge-to-edge is enabled by default and the status bar is always translucent.
w: file:///home/expo/workingdir/build/node_modules/react-native-screens/android/src/main/java/com/swmansion/rnscreens/Screen.kt:420:36 'fun setNavigationBarColor(screen: Screen, activity: Activity?): Unit' is deprecated. For all apps targeting Android SDK 35 or above edge-to-edge is enabled by default.
w: file:///home/expo/workingdir/build/node_modules/react-native-screens/android/src/main/java/com/swmansion/rnscreens/Screen.kt:437:36 'fun setNavigationBarTranslucent(screen: Screen, activity: Activity?): Unit' is deprecated. For all apps targeting Android SDK 35 or above edge-to-edge is enabled by default.
w: file:///home/expo/workingdir/build/node_modules/react-native-screens/android/src/main/java/com/swmansion/rnscreens/ScreenStackFragment.kt:217:31 'var targetElevation: Float' is deprecated. Deprecated in Java.
w: file:///home/expo/workingdir/build/node_modules/react-native-screens/android/src/main/java/com/swmansion/rnscreens/ScreenStackFragment.kt:220:13 'fun setHasOptionsMenu(p0: Boolean): Unit' is deprecated. Deprecated in Java.
w: file:///home/expo/workingdir/build/node_modules/react-native-screens/android/src/main/java/com/swmansion/rnscreens/ScreenStackFragment.kt:397:18 This declaration overrides a deprecated member but is not marked as deprecated itself. Add the '@Deprecated' annotation or suppress the diagnostic.
w: file:///home/expo/workingdir/build/node_modules/react-native-screens/android/src/main/java/com/swmansion/rnscreens/ScreenStackFragment.kt:404:22 'fun onPrepareOptionsMenu(p0: Menu): Unit' is deprecated. Deprecated in Java.
w: file:///home/expo/workingdir/build/node_modules/react-native-screens/android/src/main/java/com/swmansion/rnscreens/ScreenStackFragment.kt:407:18 This declaration overrides a deprecated member but is not marked as deprecated itself. Add the '@Deprecated' annotation or suppress the diagnostic.
w: file:///home/expo/workingdir/build/node_modules/react-native-screens/android/src/main/java/com/swmansion/rnscreens/ScreenStackFragment.kt:412:22 'fun onCreateOptionsMenu(p0: Menu, p1: MenuInflater): Unit' is deprecated. Deprecated in Java.
w: file:///home/expo/workingdir/build/node_modules/react-native-screens/android/src/main/java/com/swmansion/rnscreens/ScreenStackHeaderConfig.kt:435:18 'val reactNativeHost: ReactNativeHost' is deprecated. You should not use ReactNativeHost directly in the New Architecture. Use ReactHost instead.
w: file:///home/expo/workingdir/build/node_modules/react-native-screens/android/src/main/java/com/swmansion/rnscreens/ScreenViewManager.kt:203:14 'var statusBarColor: Int?' is deprecated. For apps targeting SDK 35 or above this prop has no effect because edge-to-edge is enabled by default and the status bar is always translucent.
w: file:///home/expo/workingdir/build/node_modules/react-native-screens/android/src/main/java/com/swmansion/rnscreens/ScreenViewManager.kt:220:14 'var isStatusBarTranslucent: Boolean?' is deprecated. For apps targeting SDK 35 or above this prop has no effect because edge-to-edge is enabled by default and the status bar is always translucent.
w: file:///home/expo/workingdir/build/node_modules/react-native-screens/android/src/main/java/com/swmansion/rnscreens/ScreenViewManager.kt:237:14 'var navigationBarColor: Int?' is deprecated. For all apps targeting Android SDK 35 or above edge-to-edge is enabled by default.
w: file:///home/expo/workingdir/build/node_modules/react-native-screens/android/src/main/java/com/swmansion/rnscreens/ScreenViewManager.kt:246:14 'var isNavigationBarTranslucent: Boolean?' is deprecated. For all apps targeting Android SDK 35 or above edge-to-edge is enabled by default.
w: file:///home/expo/workingdir/build/node_modules/react-native-screens/android/src/main/java/com/swmansion/rnscreens/ScreenWindowTraits.kt:55:42 'fun replaceSystemWindowInsets(p0: Int, p1: Int, p2: Int, p3: Int): WindowInsetsCompat' is deprecated. Deprecated in Java.
w: file:///home/expo/workingdir/build/node_modules/react-native-screens/android/src/main/java/com/swmansion/rnscreens/ScreenWindowTraits.kt:56:39 'val systemWindowInsetLeft: Int' is deprecated. Deprecated in Java.
w: file:///home/expo/workingdir/build/node_modules/react-native-screens/android/src/main/java/com/swmansion/rnscreens/ScreenWindowTraits.kt:58:39 'val systemWindowInsetRight: Int' is deprecated. Deprecated in Java.
w: file:///home/expo/workingdir/build/node_modules/react-native-screens/android/src/main/java/com/swmansion/rnscreens/ScreenWindowTraits.kt:59:39 'val systemWindowInsetBottom: Int' is deprecated. Deprecated in Java.
w: file:///home/expo/workingdir/build/node_modules/react-native-screens/android/src/main/java/com/swmansion/rnscreens/ScreenWindowTraits.kt:102:53 'var statusBarColor: Int' is deprecated. Deprecated in Java.
w: file:///home/expo/workingdir/build/node_modules/react-native-screens/android/src/main/java/com/swmansion/rnscreens/ScreenWindowTraits.kt:106:37 'var statusBarColor: Int?' is deprecated. For apps targeting SDK 35 or above this prop has no effect because edge-to-edge is enabled by default and the status bar is always translucent.
w: file:///home/expo/workingdir/build/node_modules/react-native-screens/android/src/main/java/com/swmansion/rnscreens/ScreenWindowTraits.kt:113:48 'var statusBarColor: Int' is deprecated. Deprecated in Java.
w: file:///home/expo/workingdir/build/node_modules/react-native-screens/android/src/main/java/com/swmansion/rnscreens/ScreenWindowTraits.kt:116:32 'var statusBarColor: Int' is deprecated. Deprecated in Java.
w: file:///home/expo/workingdir/build/node_modules/react-native-screens/android/src/main/java/com/swmansion/rnscreens/ScreenWindowTraits.kt:162:49 'var isStatusBarTranslucent: Boolean?' is deprecated. For apps targeting SDK 35 or above this prop has no effect because edge-to-edge is enabled by default and the status bar is always translucent.
w: file:///home/expo/workingdir/build/node_modules/react-native-screens/android/src/main/java/com/swmansion/rnscreens/ScreenWindowTraits.kt:218:43 'var navigationBarColor: Int?' is deprecated. For all apps targeting Android SDK 35 or above edge-to-edge is enabled by default.
w: file:///home/expo/workingdir/build/node_modules/react-native-screens/android/src/main/java/com/swmansion/rnscreens/ScreenWindowTraits.kt:218:72 'var navigationBarColor: Int' is deprecated. Deprecated in Java.
w: file:///home/expo/workingdir/build/node_modules/react-native-screens/android/src/main/java/com/swmansion/rnscreens/ScreenWindowTraits.kt:224:16 'var navigationBarColor: Int' is deprecated. Deprecated in Java.
w: file:///home/expo/workingdir/build/node_modules/react-native-screens/android/src/main/java/com/swmansion/rnscreens/ScreenWindowTraits.kt:241:55 'var isNavigationBarTranslucent: Boolean?' is deprecated. For all apps targeting Android SDK 35 or above edge-to-edge is enabled by default.
w: file:///home/expo/workingdir/build/node_modules/react-native-screens/android/src/main/java/com/swmansion/rnscreens/ScreenWindowTraits.kt:283:13 'fun setColor(screen: Screen, activity: Activity?, context: ReactContext?): Unit' is deprecated. For apps targeting SDK 35 or above this prop has no effect because edge-to-edge is enabled by default and the status bar is always translucent.
w: file:///home/expo/workingdir/build/node_modules/react-native-screens/android/src/main/java/com/swmansion/rnscreens/ScreenWindowTraits.kt:285:13 'fun setTranslucent(screen: Screen, activity: Activity?, context: ReactContext?): Unit' is deprecated. For apps targeting SDK 35 or above this prop has no effect because edge-to-edge is enabled by default and the status bar is always translucent.
w: file:///home/expo/workingdir/build/node_modules/react-native-screens/android/src/main/java/com/swmansion/rnscreens/ScreenWindowTraits.kt:289:13 'fun setNavigationBarColor(screen: Screen, activity: Activity?): Unit' is deprecated. For all apps targeting Android SDK 35 or above edge-to-edge is enabled by default.
w: file:///home/expo/workingdir/build/node_modules/react-native-screens/android/src/main/java/com/swmansion/rnscreens/ScreenWindowTraits.kt:290:13 'fun setNavigationBarTranslucent(screen: Screen, activity: Activity?): Unit' is deprecated. For all apps targeting Android SDK 35 or above edge-to-edge is enabled by default.
w: file:///home/expo/workingdir/build/node_modules/react-native-screens/android/src/main/java/com/swmansion/rnscreens/ScreenWindowTraits.kt:354:42 'var statusBarColor: Int?' is deprecated. For apps targeting SDK 35 or above this prop has no effect because edge-to-edge is enabled by default and the status bar is always translucent.
w: file:///home/expo/workingdir/build/node_modules/react-native-screens/android/src/main/java/com/swmansion/rnscreens/ScreenWindowTraits.kt:356:48 'var isStatusBarTranslucent: Boolean?' is deprecated. For apps targeting SDK 35 or above this prop has no effect because edge-to-edge is enabled by default and the status bar is always translucent.
w: file:///home/expo/workingdir/build/node_modules/react-native-screens/android/src/main/java/com/swmansion/rnscreens/ScreenWindowTraits.kt:359:57 'var navigationBarColor: Int?' is deprecated. For all apps targeting Android SDK 35 or above edge-to-edge is enabled by default.
w: file:///home/expo/workingdir/build/node_modules/react-native-screens/android/src/main/java/com/swmansion/rnscreens/ScreenWindowTraits.kt:360:63 'var isNavigationBarTranslucent: Boolean?' is deprecated. For all apps targeting Android SDK 35 or above edge-to-edge is enabled by default.
w: file:///home/expo/workingdir/build/node_modules/react-native-screens/android/src/main/java/com/swmansion/rnscreens/bottomsheet/BottomSheetDialogRootView.kt:7:8 'object ReactFeatureFlags : Any' is deprecated. Use com.facebook.react.internal.featureflags.ReactNativeFeatureFlags instead.
w: file:///home/expo/workingdir/build/node_modules/react-native-screens/android/src/main/java/com/swmansion/rnscreens/bottomsheet/BottomSheetDialogRootView.kt:25:13 'object ReactFeatureFlags : Any' is deprecated. Use com.facebook.react.internal.featureflags.ReactNativeFeatureFlags instead.
w: file:///home/expo/workingdir/build/node_modules/react-native-screens/android/src/main/java/com/swmansion/rnscreens/bottomsheet/BottomSheetDialogRootView.kt:32:9 The corresponding parameter in the supertype 'ReactViewGroup' is named 'left'. This may cause problems when calling this function with named arguments.
w: file:///home/expo/workingdir/build/node_modules/react-native-screens/android/src/main/java/com/swmansion/rnscreens/bottomsheet/BottomSheetDialogRootView.kt:33:9 The corresponding parameter in the supertype 'ReactViewGroup' is named 'top'. This may cause problems when calling this function with named arguments.
w: file:///home/expo/workingdir/build/node_modules/react-native-screens/android/src/main/java/com/swmansion/rnscreens/bottomsheet/BottomSheetDialogRootView.kt:34:9 The corresponding parameter in the supertype 'ReactViewGroup' is named 'right'. This may cause problems when calling this function with named arguments.
w: file:///home/expo/workingdir/build/node_modules/react-native-screens/android/src/main/java/com/swmansion/rnscreens/bottomsheet/BottomSheetDialogRootView.kt:35:9 The corresponding parameter in the supertype 'ReactViewGroup' is named 'bottom'. This may cause problems when calling this function with named arguments.
w: file:///home/expo/workingdir/build/node_modules/react-native-screens/android/src/main/java/com/swmansion/rnscreens/bottomsheet/BottomSheetDialogRootView.kt:71:9 The corresponding parameter in the supertype 'RootView' is named 'childView'. This may cause problems when calling this function with named arguments.
w: file:///home/expo/workingdir/build/node_modules/react-native-screens/android/src/main/java/com/swmansion/rnscreens/bottomsheet/BottomSheetDialogRootView.kt:72:9 The corresponding parameter in the supertype 'RootView' is named 'ev'. This may cause problems when calling this function with named arguments.
w: file:///home/expo/workingdir/build/node_modules/react-native-screens/android/src/main/java/com/swmansion/rnscreens/bottomsheet/BottomSheetDialogRootView.kt:79:46 The corresponding parameter in the supertype 'RootView' is named 'ev'. This may cause problems when calling this function with named arguments.
w: file:///home/expo/workingdir/build/node_modules/react-native-screens/android/src/main/java/com/swmansion/rnscreens/bottomsheet/BottomSheetDialogRootView.kt:83:9 The corresponding parameter in the supertype 'RootView' is named 'childView'. This may cause problems when calling this function with named arguments.
w: file:///home/expo/workingdir/build/node_modules/react-native-screens/android/src/main/java/com/swmansion/rnscreens/bottomsheet/BottomSheetDialogRootView.kt:84:9 The corresponding parameter in the supertype 'RootView' is named 'ev'. This may cause problems when calling this function with named arguments.
w: file:///home/expo/workingdir/build/node_modules/react-native-screens/android/src/main/java/com/swmansion/rnscreens/bottomsheet/BottomSheetDialogRootView.kt:95:34 The corresponding parameter in the supertype 'RootView' is named 't'. This may cause problems when calling this function with named arguments.
w: file:///home/expo/workingdir/build/node_modules/react-native-screens/android/src/main/java/com/swmansion/rnscreens/bottomsheet/DimmingView.kt:63:9 The corresponding parameter in the supertype 'ReactCompoundView' is named 'touchX'. This may cause problems when calling this function with named arguments.
w: file:///home/expo/workingdir/build/node_modules/react-native-screens/android/src/main/java/com/swmansion/rnscreens/bottomsheet/DimmingView.kt:64:9 The corresponding parameter in the supertype 'ReactCompoundView' is named 'touchY'. This may cause problems when calling this function with named arguments.
w: file:///home/expo/workingdir/build/node_modules/react-native-screens/android/src/main/java/com/swmansion/rnscreens/bottomsheet/DimmingView.kt:68:9 The corresponding parameter in the supertype 'ReactCompoundViewGroup' is named 'touchX'. This may cause problems when calling this function with named arguments.
w: file:///home/expo/workingdir/build/node_modules/react-native-screens/android/src/main/java/com/swmansion/rnscreens/bottomsheet/DimmingView.kt:69:9 The corresponding parameter in the supertype 'ReactCompoundViewGroup' is named 'touchY'. This may cause problems when calling this function with named arguments.
w: file:///home/expo/workingdir/build/node_modules/react-native-screens/android/src/main/java/com/swmansion/rnscreens/gamma/tabs/TabsHostViewManager.kt:37:9 The corresponding parameter in the supertype 'TabsHostViewManager' is named 'view'. This may cause problems when calling this function with named arguments.
> Task :expo-modules-core:compileReleaseKotlin
> Task :app:mapReleaseSourceSetPaths
> Task :react-native-safe-area-context:lintVitalAnalyzeRelease
> Task :react-native-screens:compileReleaseJavaWithJavac
> Task :react-native-screens:bundleLibRuntimeToDirRelease
> Task :react-native-worklets:extractDeepLinksRelease
> Task :react-native-nitro-modules:lintVitalAnalyzeRelease
> Task :react-native-worklets:processReleaseManifest
> Task :react-native-worklets:compileReleaseLibraryResources
> Task :react-native-worklets:prepareReleaseArtProfile
> Task :react-native-screens:bundleLibCompileToJarRelease
> Task :react-native-worklets:bundleLibRuntimeToJarRelease
> Task :app:mergeReleaseResources
> Task :react-native-screens:processReleaseJavaRes
> Task :react-native-worklets:mergeReleaseShaders
> Task :react-native-worklets:compileReleaseShaders NO-SOURCE
> Task :react-native-worklets:generateReleaseAssets UP-TO-DATE
> Task :react-native-screens:bundleLibRuntimeToJarRelease
> Task :react-native-nitro-modules:writeReleaseLintModelMetadata
> Task :react-native-worklets:mergeReleaseAssets
> Task :react-native-worklets:processReleaseJavaRes NO-SOURCE
> Task :react-native-worklets:createFullJarRelease
> Task :react-native-worklets:extractProguardFiles
> Task :react-native-nitro-modules:generateReleaseLintVitalModel
> Task :react-native-safe-area-context:generateReleaseLintVitalModel
> Task :app:processReleaseMainManifest
/home/expo/workingdir/build/android/app/src/main/AndroidManifest.xml Warning:
	provider#expo.modules.filesystem.FileSystemFileProvider@android:authorities was tagged at AndroidManifest.xml:0 to replace other declarations but no other declaration present
> Task :app:processReleaseManifest
> Task :react-native-screens:generateReleaseLintModel
> Task :app:processReleaseManifestForPackage
> Task :app:mergeReleaseArtProfile
> Task :react-native-screens:createFullJarRelease
> Task :react-native-screens:extractReleaseAnnotations
> Task :react-native-screens:mergeReleaseGeneratedProguardFiles
> Task :react-native-screens:mergeReleaseConsumerProguardFiles
> Task :runanywhere_llamacpp:buildCMakeRelWithDebInfo[x86_64]
C/C++: ninja: Entering directory `/home/expo/workingdir/build/node_modules/@runanywhere/llamacpp/android/.cxx/RelWithDebInfo/55a6ir4x/x86_64'
C/C++: /home/expo/workingdir/build/node_modules/@runanywhere/llamacpp/cpp/HybridRunAnywhereLlama.cpp:63:13: warning: unused function 'extractStringValue' [-Wunused-function]
C/C++:    63 | std::string extractStringValue(const std::string& json, const std::string& key, const std::string& defaultValue = "") {
C/C++:       |             ^~~~~~~~~~~~~~~~~~
C/C++: 1 warning generated.
> Task :react-native-screens:mergeReleaseJavaResource
> Task :react-native-reanimated:buildCMakeRelWithDebInfo[arm64-v8a][reanimated]
> Task :react-native-screens:syncReleaseLibJars
> Task :react-native-screens:bundleReleaseLocalLintAar
> Task :react-native-screens:writeReleaseLintModelMetadata
> Task :react-native-screens:generateReleaseLintVitalModel
> Task :react-native-worklets:generateReleaseLintModel
> Task :react-native-worklets:prepareLintJarForPublish
> Task :react-native-worklets:extractDeepLinksForAarRelease
> Task :react-native-worklets:extractReleaseAnnotations
> Task :react-native-worklets:mergeReleaseGeneratedProguardFiles
> Task :react-native-worklets:mergeReleaseConsumerProguardFiles
> Task :react-native-worklets:mergeReleaseJavaResource
> Task :react-native-worklets:syncReleaseLibJars
> Task :react-native-worklets:writeReleaseLintModelMetadata
> Task :react-native-worklets:stripReleaseDebugSymbols
> Task :react-native-worklets:copyReleaseJniLibsProjectAndLocalJars
> Task :react-native-worklets:bundleReleaseLocalLintAar
> Task :app:mergeReleaseAssets
> Task :app:compressReleaseAssets
> Task :react-native-worklets:generateReleaseLintVitalModel
> Task :app:collectReleaseDependencies
> Task :runanywhere_llamacpp:mergeReleaseNativeLibs
> Task :app:processReleaseResources
> Task :app:sdkReleaseDependencyData
> Task :runanywhere_llamacpp:stripReleaseDebugSymbols
> Task :runanywhere_llamacpp:copyReleaseJniLibsProjectAndLocalJars
> Task :app:validateSigningRelease
> Task :app:writeReleaseAppMetadata
> Task :app:writeReleaseSigningConfigVersions
> Task :runanywhere_llamacpp:copyReleaseJniLibsProjectOnly
> Task :app:optimizeReleaseResources
> Task :expo-modules-core:compileReleaseKotlin
w: file:///home/expo/workingdir/build/node_modules/expo-modules-core/android/src/main/java/expo/modules/adapters/react/apploader/RNHeadlessAppLoader.kt:48:87 'val reactNativeHost: ReactNativeHost' is deprecated. You should not use ReactNativeHost directly in the New Architecture. Use ReactHost instead.
w: file:///home/expo/workingdir/build/node_modules/expo-modules-core/android/src/main/java/expo/modules/adapters/react/apploader/RNHeadlessAppLoader.kt:91:85 'val reactNativeHost: ReactNativeHost' is deprecated. You should not use ReactNativeHost directly in the New Architecture. Use ReactHost instead.
w: file:///home/expo/workingdir/build/node_modules/expo-modules-core/android/src/main/java/expo/modules/adapters/react/apploader/RNHeadlessAppLoader.kt:120:83 'val reactNativeHost: ReactNativeHost' is deprecated. You should not use ReactNativeHost directly in the New Architecture. Use ReactHost instead.
w: file:///home/expo/workingdir/build/node_modules/expo-modules-core/android/src/main/java/expo/modules/apploader/AppLoaderProvider.kt:34:52 Unchecked cast of 'Class<*>!' to 'Class<out HeadlessAppLoader>'.
w: file:///home/expo/workingdir/build/node_modules/expo-modules-core/android/src/main/java/expo/modules/kotlin/AppContext.kt:30:8 'typealias ErrorManagerModule = JSLoggerModule' is deprecated. Use JSLoggerModule instead.
w: file:///home/expo/workingdir/build/node_modules/expo-modules-core/android/src/main/java/expo/modules/kotlin/AppContext.kt:253:21 'typealias ErrorManagerModule = JSLoggerModule' is deprecated. Use JSLoggerModule instead.
w: file:///home/expo/workingdir/build/node_modules/expo-modules-core/android/src/main/java/expo/modules/kotlin/AppContext.kt:343:21 'val DEFAULT: Int' is deprecated. UIManagerType.DEFAULT will be deleted in the next release of React Native. Use [LEGACY] instead.
w: file:///home/expo/workingdir/build/node_modules/expo-modules-core/android/src/main/java/expo/modules/kotlin/defaultmodules/NativeModulesProxyModule.kt:16:5 'fun Constants(legacyConstantsProvider: () -> Map<String, Any?>): Unit' is deprecated. Use `Constant` or `Property` instead.
w: file:///home/expo/workingdir/build/node_modules/expo-modules-core/android/src/main/java/expo/modules/kotlin/jni/PromiseImpl.kt:65:51 'val errorManager: JSLoggerModule?' is deprecated. Use AppContext.jsLogger instead.
w: file:///home/expo/workingdir/build/node_modules/expo-modules-core/android/src/main/java/expo/modules/kotlin/jni/PromiseImpl.kt:69:22 'fun reportExceptionToLogBox(codedException: CodedException): Unit' is deprecated. Use appContext.jsLogger.error(...) instead.
w: file:///home/expo/workingdir/build/node_modules/expo-modules-core/android/src/main/java/expo/modules/kotlin/views/ViewDefinitionBuilder.kt:464:16 'val errorManager: JSLoggerModule?' is deprecated. Use AppContext.jsLogger instead.
w: file:///home/expo/workingdir/build/node_modules/expo-modules-core/android/src/main/java/expo/modules/kotlin/views/ViewDefinitionBuilder.kt:464:30 'fun reportExceptionToLogBox(codedException: CodedException): Unit' is deprecated. Use appContext.jsLogger.error(...) instead.
w: file:///home/expo/workingdir/build/node_modules/expo-modules-core/android/src/main/java/expo/modules/kotlin/views/ViewManagerDefinition.kt:41:16 'val errorManager: JSLoggerModule?' is deprecated. Use AppContext.jsLogger instead.
w: file:///home/expo/workingdir/build/node_modules/expo-modules-core/android/src/main/java/expo/modules/kotlin/views/ViewManagerDefinition.kt:41:30 'fun reportExceptionToLogBox(codedException: CodedException): Unit' is deprecated. Use appContext.jsLogger.error(...) instead.
> Task :expo-modules-core:compileReleaseJavaWithJavac
Note: Some input files use or override a deprecated API.
Note: Recompile with -Xlint:deprecation for details.
> Task :runanywhere_core:buildCMakeRelWithDebInfo[arm64-v8a]
C/C++: /home/expo/workingdir/build/node_modules/@runanywhere/core/cpp/HybridRunAnywhereCore.cpp:1158:41: warning: lambda capture 'this' is not used [-Wunused-lambda-capture]
C/C++:  1158 |     return Promise<std::string>::async([this, path, bodyJson]() -> std::string {
C/C++:       |                                         ^~~~~
C/C++: /home/expo/workingdir/build/node_modules/@runanywhere/core/cpp/HybridRunAnywhereCore.cpp:1180:41: warning: lambda capture 'this' is not used [-Wunused-lambda-capture]
C/C++:  1180 |     return Promise<std::string>::async([this, path]() -> std::string {
C/C++:       |                                         ^~~~~
C/C++: /home/expo/workingdir/build/node_modules/@runanywhere/core/cpp/HybridRunAnywhereCore.cpp:1404:41: warning: lambda capture 'this' is not used [-Wunused-lambda-capture]
C/C++:  1404 |     return Promise<std::string>::async([this, prompt, optionsJson]() -> std::string {
C/C++:       |                                         ^~~~~
C/C++: /home/expo/workingdir/build/node_modules/@runanywhere/core/cpp/HybridRunAnywhereCore.cpp:1504:41: warning: lambda capture 'this' is not used [-Wunused-lambda-capture]
C/C++:  1504 |     return Promise<std::string>::async([this, prompt, optionsJson, callback]() -> std::string {
C/C++:       |                                         ^~~~~
C/C++: /home/expo/workingdir/build/node_modules/@runanywhere/core/cpp/HybridRunAnywhereCore.cpp:1569:41: warning: lambda capture 'this' is not used [-Wunused-lambda-capture]
C/C++:  1569 |     return Promise<std::string>::async([this, prompt, schema, optionsJson]() -> std::string {
C/C++:       |                                         ^~~~~
C/C++: /home/expo/workingdir/build/node_modules/@runanywhere/core/cpp/HybridRunAnywhereCore.cpp:1728:41: warning: lambda capture 'this' is not used [-Wunused-lambda-capture]
C/C++:  1728 |     return Promise<std::string>::async([this, audioBase64, sampleRate, language]() -> std::string {
C/C++:       |                                         ^~~~~
C/C++: /home/expo/workingdir/build/node_modules/@runanywhere/core/cpp/HybridRunAnywhereCore.cpp:1800:41: warning: lambda capture 'this' is not used [-Wunused-lambda-capture]
C/C++:  1800 |     return Promise<std::string>::async([this, filePath, language]() -> std::string {
C/C++:       |                                         ^~~~~
C/C++: /home/expo/workingdir/build/node_modules/@runanywhere/core/cpp/HybridRunAnywhereCore.cpp:2063:53: warning: format specifies type 'long long' but the argument has type 'int64_t' (aka 'long') [-Wformat]
C/C++:  2062 |         LOGI("TTS synthesis complete: %zu bytes, %d Hz, %lld ms",
C/C++:       |                                                         ~~~~
C/C++:       |                                                         %ld
C/C++:  2063 |              result.audio_size, result.sample_rate, result.duration_ms);
C/C++:       |                                                     ^~~~~~~~~~~~~~~~~~
C/C++: /home/expo/workingdir/build/node_modules/@runanywhere/core/cpp/HybridRunAnywhereCore.cpp:73:66: note: expanded from macro 'LOGI'
C/C++:    73 | #define LOGI(...) __android_log_print(ANDROID_LOG_INFO, LOG_TAG, __VA_ARGS__)
C/C++:       |                                                                  ^~~~~~~~~~~
C/C++: /home/expo/workingdir/build/node_modules/@runanywhere/core/cpp/HybridRunAnywhereCore.cpp:2029:41: warning: lambda capture 'this' is not used [-Wunused-lambda-capture]
C/C++:  2029 |     return Promise<std::string>::async([this, text, voiceId, speedRate, pitchShift]() -> std::string {
C/C++:       |                                         ^~~~~
C/C++: /home/expo/workingdir/build/node_modules/@runanywhere/core/cpp/HybridRunAnywhereCore.cpp:2179:41: warning: lambda capture 'this' is not used [-Wunused-lambda-capture]
C/C++:  2179 |     return Promise<std::string>::async([this, audioBase64, optionsJson]() -> std::string {
C/C++:       |                                         ^~~~~
C/C++: /home/expo/workingdir/build/node_modules/@runanywhere/core/cpp/HybridRunAnywhereCore.cpp:2274:34: warning: lambda capture 'this' is not used [-Wunused-lambda-capture]
C/C++:  2274 |     return Promise<bool>::async([this, configJson]() -> bool {
C/C++:       |                                  ^~~~~
C/C++: /home/expo/workingdir/build/node_modules/@runanywhere/core/cpp/HybridRunAnywhereCore.cpp:2295:34: warning: lambda capture 'this' is not used [-Wunused-lambda-capture]
C/C++:  2295 |     return Promise<bool>::async([this]() -> bool {
C/C++:       |                                  ^~~~
C/C++: /home/expo/workingdir/build/node_modules/@runanywhere/core/cpp/HybridRunAnywhereCore.cpp:2375:41: warning: lambda capture 'this' is not used [-Wunused-lambda-capture]
C/C++:  2375 |     return Promise<std::string>::async([this, audioBase64]() -> std::string {
C/C++:       |                                         ^~~~~
C/C++: /home/expo/workingdir/build/node_modules/@runanywhere/core/cpp/HybridRunAnywhereCore.cpp:2415:41: warning: lambda capture 'this' is not used [-Wunused-lambda-capture]
C/C++:  2415 |     return Promise<std::string>::async([this, audioBase64]() -> std::string {
C/C++:       |                                         ^~~~~
C/C++: /home/expo/workingdir/build/node_modules/@runanywhere/core/cpp/HybridRunAnywhereCore.cpp:2448:41: warning: lambda capture 'this' is not used [-Wunused-lambda-capture]
C/C++:  2448 |     return Promise<std::string>::async([this, prompt]() -> std::string {
C/C++:       |                                         ^~~~~
C/C++: /home/expo/workingdir/build/node_modules/@runanywhere/core/cpp/HybridRunAnywhereCore.cpp:2474:41: warning: lambda capture 'this' is not used [-Wunused-lambda-capture]
C/C++:  2474 |     return Promise<std::string>::async([this, text]() -> std::string {
C/C++:       |                                         ^~~~~
C/C++: 16 warnings generated.
C/C++: : && /home/expo/Android/Sdk/ndk/27.0.12077973/toolchains/llvm/prebuilt/linux-x86_64/bin/clang++ --target=aarch64-none-linux-android24 --sysroot=/home/expo/Android/Sdk/ndk/27.0.12077973/toolchains/llvm/prebuilt/linux-x86_64/sysroot -fPIC -g -DANDROID -fdata-sections -ffunction-sections -funwind-tables -fstack-protector-strong -no-canonical-prefixes -D_FORTIFY_SOURCE=2 -Wformat -Werror=format-security  -frtti -fexceptions -Wall -fstack-protector-all -O2 -g -DNDEBUG  -Wl,--build-id=sha1 -Wl,--no-rosegment -Wl,--no-undefined-version -Wl,--fatal-warnings -Wl,--no-undefined -Qunused-arguments  -Wl,-z,max-page-size=16384 -Wl,--gc-sections   -Wl,-z,max-page-size=16384 -shared -Wl,-soname,librunanywherecore.so -o ../../../../build/intermediates/cxx/RelWithDebInfo/4j3a405u/obj/arm64-v8a/librunanywherecore.so CMakeFiles/runanywherecore.dir/src/main/cpp/cpp-adapter.cpp.o 'CMakeFiles/runanywherecore.dir/home/expo/workingdir/build/node_modules/@runanywhere/core/cpp/HybridRunAnywhereCore.cpp.o' 'CMakeFiles/runanywherecore.dir/home/expo/workingdir/build/node_modules/@runanywhere/core/cpp/bridges/AuthBridge.cpp.o' 'CMakeFiles/runanywherecore.dir/home/expo/workingdir/build/node_modules/@runanywhere/core/cpp/bridges/DeviceBridge.cpp.o' 'CMakeFiles/runanywherecore.dir/home/expo/workingdir/build/node_modules/@runanywhere/core/cpp/bridges/DownloadBridge.cpp.o' 'CMakeFiles/runanywherecore.dir/home/expo/workingdir/build/node_modules/@runanywhere/core/cpp/bridges/EventBridge.cpp.o' 'CMakeFiles/runanywherecore.dir/home/expo/workingdir/build/node_modules/@runanywhere/core/cpp/bridges/HTTPBridge.cpp.o' 'CMakeFiles/runanywherecore.dir/home/expo/workingdir/build/node_modules/@runanywhere/core/cpp/bridges/InitBridge.cpp.o' 'CMakeFiles/runanywherecore.dir/home/expo/workingdir/build/node_modules/@runanywhere/core/cpp/bridges/ModelRegistryBridge.cpp.o' 'CMakeFiles/runanywherecore.dir/home/expo/workingdir/build/node_modules/@runanywhere/core/cpp/bridges/StorageBridge.cpp.o' 'CMakeFiles/runanywherecore.dir/home/expo/workingdir/build/node_modules/@runanywhere/core/cpp/bridges/TelemetryBridge.cpp.o' 'CMakeFiles/runanywherecore.dir/home/expo/workingdir/build/node_modules/@runanywhere/core/cpp/bridges/ToolCallingBridge.cpp.o' 'CMakeFiles/runanywherecore.dir/home/expo/workingdir/build/node_modules/@runanywhere/core/nitrogen/generated/android/runanywherecoreOnLoad.cpp.o' 'CMakeFiles/runanywherecore.dir/home/expo/workingdir/build/node_modules/@runanywhere/core/nitrogen/generated/shared/c++/HybridRunAnywhereCoreSpec.cpp.o' 'CMakeFiles/runanywherecore.dir/home/expo/workingdir/build/node_modules/@runanywhere/core/nitrogen/generated/shared/c++/HybridRunAnywhereDeviceInfoSpec.cpp.o' 'CMakeFiles/runanywherecore.dir/home/expo/workingdir/build/node_modules/@runanywhere/core/nitrogen/generated/android/c++/JHybridRunAnywhereDeviceInfoSpec.cpp.o' -L/home/expo/workingdir/build/node_modules/@runanywhere/core/android/src/main/jniLibs/arm64-v8a /home/expo/.gradle/caches/8.14.3/transforms/6347936a505aab872d9b18fa868e791d/transformed/fbjni-0.7.0/prefab/modules/fbjni/libs/android.arm64-v8a/libfbjni.so  /home/expo/.gradle/caches/8.14.3/transforms/cd9fd1633b8cbb585ae18556210d590b/transformed/react-android-0.81.5-release/prefab/modules/jsi/libs/android.arm64-v8a/libjsi.so  /home/expo/workingdir/build/node_modules/react-native-nitro-modules/android/build/intermediates/cxx/RelWithDebInfo/721h6l3c/obj/arm64-v8a/libNitroModules.so  /home/expo/.gradle/caches/8.14.3/transforms/cd9fd1633b8cbb585ae18556210d590b/transformed/react-android-0.81.5-release/prefab/modules/reactnative/libs/android.arm64-v8a/libreactnative.so  /home/expo/Android/Sdk/ndk/27.0.12077973/toolchains/llvm/prebuilt/linux-x86_64/sysroot/usr/lib/aarch64-linux-android/24/liblog.so  -landroid  -lrac_commons  -latomic -lm && :
C/C++: ld.lld: error: undefined symbol: rac_tool_call_parse
C/C++: >>> referenced by ToolCallingBridge.cpp:28 (/home/expo/workingdir/build/node_modules/@runanywhere/core/cpp/bridges/ToolCallingBridge.cpp:28)
C/C++: >>>               CMakeFiles/runanywherecore.dir/home/expo/workingdir/build/node_modules/@runanywhere/core/cpp/bridges/ToolCallingBridge.cpp.o:(runanywhere::bridges::ToolCallingBridge::parseToolCall(std::__ndk1::basic_string<char, std::__ndk1::char_traits<char>, std::__ndk1::allocator<char>> const&))
C/C++: ld.lld: error: undefined symbol: rac_tool_call_free
C/C++: >>> referenced by ToolCallingBridge.cpp:58 (/home/expo/workingdir/build/node_modules/@runanywhere/core/cpp/bridges/ToolCallingBridge.cpp:58)
C/C++: >>>               CMakeFiles/runanywherecore.dir/home/expo/workingdir/build/node_modules/@runanywhere/core/cpp/bridges/ToolCallingBridge.cpp.o:(runanywhere::bridges::ToolCallingBridge::parseToolCall(std::__ndk1::basic_string<char, std::__ndk1::char_traits<char>, std::__ndk1::allocator<char>> const&))
C/C++: ld.lld: error: undefined symbol: rac_tool_call_format_prompt_json_with_format_name
C/C++: >>> referenced by ToolCallingBridge.cpp:68 (/home/expo/workingdir/build/node_modules/@runanywhere/core/cpp/bridges/ToolCallingBridge.cpp:68)
C/C++: >>>               CMakeFiles/runanywherecore.dir/home/expo/workingdir/build/node_modules/@runanywhere/core/cpp/bridges/ToolCallingBridge.cpp.o:(runanywhere::bridges::ToolCallingBridge::formatToolsPrompt(std::__ndk1::basic_string<char, std::__ndk1::char_traits<char>, std::__ndk1::allocator<char>> const&, std::__ndk1::basic_string<char, std::__ndk1::char_traits<char>, std::__ndk1::allocator<char>> const&))
C/C++: ld.lld: error: undefined symbol: rac_tool_call_format_from_name
C/C++: >>> referenced by ToolCallingBridge.cpp:118 (/home/expo/workingdir/build/node_modules/@runanywhere/core/cpp/bridges/ToolCallingBridge.cpp:118)
C/C++: >>>               CMakeFiles/runanywherecore.dir/home/expo/workingdir/build/node_modules/@runanywhere/core/cpp/bridges/ToolCallingBridge.cpp.o:(runanywhere::bridges::ToolCallingBridge::buildInitialPrompt(std::__ndk1::basic_string<char, std::__ndk1::char_traits<char>, std::__ndk1::allocator<char>> const&, std::__ndk1::basic_string<char, std::__ndk1::char_traits<char>, std::__ndk1::allocator<char>> const&, std::__ndk1::basic_string<char, std::__ndk1::char_traits<char>, std::__ndk1::allocator<char>> const&))
C/C++: ld.lld: error: undefined symbol: rac_tool_call_build_initial_prompt
C/C++: >>> referenced by ToolCallingBridge.cpp:132 (/home/expo/workingdir/build/node_modules/@runanywhere/core/cpp/bridges/ToolCallingBridge.cpp:132)
C/C++: >>>               CMakeFiles/runanywherecore.dir/home/expo/workingdir/build/node_modules/@runanywhere/core/cpp/bridges/ToolCallingBridge.cpp.o:(runanywhere::bridges::ToolCallingBridge::buildInitialPrompt(std::__ndk1::basic_string<char, std::__ndk1::char_traits<char>, std::__ndk1::allocator<char>> const&, std::__ndk1::basic_string<char, std::__ndk1::char_traits<char>, std::__ndk1::allocator<char>> const&, std::__ndk1::basic_string<char, std::__ndk1::char_traits<char>, std::__ndk1::allocator<char>> const&))
C/C++: ld.lld: error: undefined symbol: rac_tool_call_build_followup_prompt
C/C++: >>> referenced by ToolCallingBridge.cpp:156 (/home/expo/workingdir/build/node_modules/@runanywhere/core/cpp/bridges/ToolCallingBridge.cpp:156)
C/C++: >>>               CMakeFiles/runanywherecore.dir/home/expo/workingdir/build/node_modules/@runanywhere/core/cpp/bridges/ToolCallingBridge.cpp.o:(runanywhere::bridges::ToolCallingBridge::buildFollowupPrompt(std::__ndk1::basic_string<char, std::__ndk1::char_traits<char>, std::__ndk1::allocator<char>> const&, std::__ndk1::basic_string<char, std::__ndk1::char_traits<char>, std::__ndk1::allocator<char>> const&, std::__ndk1::basic_string<char, std::__ndk1::char_traits<char>, std::__ndk1::allocator<char>> const&, std::__ndk1::basic_string<char, std::__ndk1::char_traits<char>, std::__ndk1::allocator<char>> const&, bool))
C/C++: ld.lld: error: undefined symbol: rac_tool_call_normalize_json
C/C++: >>> referenced by ToolCallingBridge.cpp:176 (/home/expo/workingdir/build/node_modules/@runanywhere/core/cpp/bridges/ToolCallingBridge.cpp:176)
C/C++: >>>               CMakeFiles/runanywherecore.dir/home/expo/workingdir/build/node_modules/@runanywhere/core/cpp/bridges/ToolCallingBridge.cpp.o:(runanywhere::bridges::ToolCallingBridge::normalizeJson(std::__ndk1::basic_string<char, std::__ndk1::char_traits<char>, std::__ndk1::allocator<char>> const&))
C/C++: clang++: error: linker command failed with exit code 1 (use -v to see invocation)
C/C++: ninja: build stopped: subcommand failed.
> Task :runanywhere_core:buildCMakeRelWithDebInfo[arm64-v8a] FAILED
> Task :react-native-worklets:lintVitalAnalyzeRelease
> Task :react-native-screens:lintVitalAnalyzeRelease
[Incubating] Problems report is available at: file:///home/expo/workingdir/build/android/build/reports/problems/problems-report.html
FAILURE: Build failed with an exception.
* What went wrong:
Execution failed for task ':runanywhere_core:buildCMakeRelWithDebInfo[arm64-v8a]'.
> com.android.ide.common.process.ProcessException: ninja: Entering directory `/home/expo/workingdir/build/node_modules/@runanywhere/core/android/.cxx/RelWithDebInfo/4j3a405u/arm64-v8a'
  [1/17] Building CXX object CMakeFiles/runanywherecore.dir/src/main/cpp/cpp-adapter.cpp.o
  [2/17] Building CXX object 'CMakeFiles/runanywherecore.dir/home/expo/workingdir/build/node_modules/@runanywhere/core/cpp/bridges/AuthBridge.cpp.o'
  [3/17] Building CXX object 'CMakeFiles/runanywherecore.dir/home/expo/workingdir/build/node_modules/@runanywhere/core/cpp/bridges/HTTPBridge.cpp.o'
  [4/17] Building CXX object 'CMakeFiles/runanywherecore.dir/home/expo/workingdir/build/node_modules/@runanywhere/core/cpp/bridges/DeviceBridge.cpp.o'
  [5/17] Building CXX object 'CMakeFiles/runanywherecore.dir/home/expo/workingdir/build/node_modules/@runanywhere/core/cpp/bridges/EventBridge.cpp.o'
  [6/17] Building CXX object 'CMakeFiles/runanywherecore.dir/home/expo/workingdir/build/node_modules/@runanywhere/core/cpp/bridges/StorageBridge.cpp.o'
  [7/17] Building CXX object 'CMakeFiles/runanywherecore.dir/home/expo/workingdir/build/node_modules/@runanywhere/core/cpp/bridges/DownloadBridge.cpp.o'
  [8/17] Building CXX object 'CMakeFiles/runanywherecore.dir/home/expo/workingdir/build/node_modules/@runanywhere/core/cpp/bridges/ModelRegistryBridge.cpp.o'
  [9/17] Building CXX object 'CMakeFiles/runanywherecore.dir/home/expo/workingdir/build/node_modules/@runanywhere/core/cpp/bridges/TelemetryBridge.cpp.o'
  [10/17] Building CXX object 'CMakeFiles/runanywherecore.dir/home/expo/workingdir/build/node_modules/@runanywhere/core/cpp/bridges/InitBridge.cpp.o'
  /home/expo/workingdir/build/node_modules/@runanywhere/core/cpp/bridges/InitBridge.cpp:729:17: warning: variable 'levelStr' set but not used [-Wunused-but-set-variable]
    729 |     const char* levelStr = "INFO";
        |                 ^
  1 warning generated.
  [11/17] Building CXX object 'CMakeFiles/runanywherecore.dir/home/expo/workingdir/build/node_modules/@runanywhere/core/nitrogen/generated/android/runanywherecoreOnLoad.cpp.o'
  [12/17] Building CXX object 'CMakeFiles/runanywherecore.dir/home/expo/workingdir/build/node_modules/@runanywhere/core/cpp/bridges/ToolCallingBridge.cpp.o'
  [13/17] Building CXX object 'CMakeFiles/runanywherecore.dir/home/expo/workingdir/build/node_modules/@runanywhere/core/nitrogen/generated/shared/c++/HybridRunAnywhereDeviceInfoSpec.cpp.o'
  [14/17] Building CXX object 'CMakeFiles/runanywherecore.dir/home/expo/workingdir/build/node_modules/@runanywhere/core/nitrogen/generated/android/c++/JHybridRunAnywhereDeviceInfoSpec.cpp.o'
  [15/17] Building CXX object 'CMakeFiles/runanywherecore.dir/home/expo/workingdir/build/node_modules/@runanywhere/core/nitrogen/generated/shared/c++/HybridRunAnywhereCoreSpec.cpp.o'
  [16/17] Building CXX object 'CMakeFiles/runanywherecore.dir/home/expo/workingdir/build/node_modules/@runanywhere/core/cpp/HybridRunAnywhereCore.cpp.o'
  /home/expo/workingdir/build/node_modules/@runanywhere/core/cpp/HybridRunAnywhereCore.cpp:1158:41: warning: lambda capture 'this' is not used [-Wunused-lambda-capture]
   1158 |     return Promise<std::string>::async([this, path, bodyJson]() -> std::string {
        |                                         ^~~~~
  /home/expo/workingdir/build/node_modules/@runanywhere/core/cpp/HybridRunAnywhereCore.cpp:1180:41: warning: lambda capture 'this' is not used [-Wunused-lambda-capture]
   1180 |     return Promise<std::string>::async([this, path]() -> std::string {
        |                                         ^~~~~
  /home/expo/workingdir/build/node_modules/@runanywhere/core/cpp/HybridRunAnywhereCore.cpp:1404:41: warning: lambda capture 'this' is not used [-Wunused-lambda-capture]
   1404 |     return Promise<std::string>::async([this, prompt, optionsJson]() -> std::string {
        |                                         ^~~~~
  /home/expo/workingdir/build/node_modules/@runanywhere/core/cpp/HybridRunAnywhereCore.cpp:1504:41: warning: lambda capture 'this' is not used [-Wunused-lambda-capture]
   1504 |     return Promise<std::string>::async([this, prompt, optionsJson, callback]() -> std::string {
        |                                         ^~~~~
  /home/expo/workingdir/build/node_modules/@runanywhere/core/cpp/HybridRunAnywhereCore.cpp:1569:41: warning: lambda capture 'this' is not used [-Wunused-lambda-capture]
   1569 |     return Promise<std::string>::async([this, prompt, schema, optionsJson]() -> std::string {
        |                                         ^~~~~
  /home/expo/workingdir/build/node_modules/@runanywhere/core/cpp/HybridRunAnywhereCore.cpp:1728:41: warning: lambda capture 'this' is not used [-Wunused-lambda-capture]
   1728 |     return Promise<std::string>::async([this, audioBase64, sampleRate, language]() -> std::string {
        |                                         ^~~~~
  /home/expo/workingdir/build/node_modules/@runanywhere/core/cpp/HybridRunAnywhereCore.cpp:1800:41: warning: lambda capture 'this' is not used [-Wunused-lambda-capture]
   1800 |     return Promise<std::string>::async([this, filePath, language]() -> std::string {
        |                                         ^~~~~
  /home/expo/workingdir/build/node_modules/@runanywhere/core/cpp/HybridRunAnywhereCore.cpp:2063:53: warning: format specifies type 'long long' but the argument has type 'int64_t' (aka 'long') [-Wformat]
   2062 |         LOGI("TTS synthesis complete: %zu bytes, %d Hz, %lld ms",
        |                                                         ~~~~
        |                                                         %ld
Deprecated Gradle features were used in this build, making it incompatible with Gradle 9.0.
You can use '--warning-mode all' to show the individual deprecation warnings and determine if they come from your own scripts or plugins.
For more on this, please refer to https://docs.gradle.org/8.14.3/userguide/command_line_interface.html#sec:command_line_warnings in the Gradle documentation.
607 actionable tasks: 607 executed
2063 |              result.audio_size, result.sample_rate, result.duration_ms);
        |                                                     ^~~~~~~~~~~~~~~~~~
  /home/expo/workingdir/build/node_modules/@runanywhere/core/cpp/HybridRunAnywhereCore.cpp:73:66: note: expanded from macro 'LOGI'
     73 | #define LOGI(...) __android_log_print(ANDROID_LOG_INFO, LOG_TAG, __VA_ARGS__)
        |                                                                  ^~~~~~~~~~~
  /home/expo/workingdir/build/node_modules/@runanywhere/core/cpp/HybridRunAnywhereCore.cpp:2029:41: warning: lambda capture 'this' is not used [-Wunused-lambda-capture]
   2029 |     return Promise<std::string>::async([this, text, voiceId, speedRate, pitchShift]() -> std::string {
        |                                         ^~~~~
  /home/expo/workingdir/build/node_modules/@runanywhere/core/cpp/HybridRunAnywhereCore.cpp:2179:41: warning: lambda capture 'this' is not used [-Wunused-lambda-capture]
   2179 |     return Promise<std::string>::async([this, audioBase64, optionsJson]() -> std::string {
        |                                         ^~~~~
  /home/expo/workingdir/build/node_modules/@runanywhere/core/cpp/HybridRunAnywhereCore.cpp:2274:34: warning: lambda capture 'this' is not used [-Wunused-lambda-capture]
   2274 |     return Promise<bool>::async([this, configJson]() -> bool {
        |                                  ^~~~~
  /home/expo/workingdir/build/node_modules/@runanywhere/core/cpp/HybridRunAnywhereCore.cpp:2295:34: warning: lambda capture 'this' is not used [-Wunused-lambda-capture]
   2295 |     return Promise<bool>::async([this]() -> bool {
        |                                  ^~~~
  /home/expo/workingdir/build/node_modules/@runanywhere/core/cpp/HybridRunAnywhereCore.cpp:2375:41: warning: lambda capture 'this' is not used [-Wunused-lambda-capture]
   2375 |     return Promise<std::string>::async([this, audioBase64]() -> std::string {
        |                                         ^~~~~
  /home/expo/workingdir/build/node_modules/@runanywhere/core/cpp/HybridRunAnywhereCore.cpp:2415:41: warning: lambda capture 'this' is not used [-Wunused-lambda-capture]
   2415 |     return Promise<std::string>::async([this, audioBase64]() -> std::string {
        |                                         ^~~~~
  /home/expo/workingdir/build/node_modules/@runanywhere/core/cpp/HybridRunAnywhereCore.cpp:2448:41: warning: lambda capture 'this' is not used [-Wunused-lambda-capture]
   2448 |     return Promise<std::string>::async([this, prompt]() -> std::string {
        |                                         ^~~~~
  /home/expo/workingdir/build/node_modules/@runanywhere/core/cpp/HybridRunAnywhereCore.cpp:2474:41: warning: lambda capture 'this' is not used [-Wunused-lambda-capture]
   2474 |     return Promise<std::string>::async([this, text]() -> std::string {
        |                                         ^~~~~
  16 warnings generated.
  [17/17] Linking CXX shared library ../../../../build/intermediates/cxx/RelWithDebInfo/4j3a405u/obj/arm64-v8a/librunanywherecore.so
  FAILED: ../../../../build/intermediates/cxx/RelWithDebInfo/4j3a405u/obj/arm64-v8a/librunanywherecore.so 
  : && /home/expo/Android/Sdk/ndk/27.0.12077973/toolchains/llvm/prebuilt/linux-x86_64/bin/clang++ --target=aarch64-none-linux-android24 --sysroot=/home/expo/Android/Sdk/ndk/27.0.12077973/toolchains/llvm/prebuilt/linux-x86_64/sysroot -fPIC -g -DANDROID -fdata-sections -ffunction-sections -funwind-tables -fstack-protector-strong -no-canonical-prefixes -D_FORTIFY_SOURCE=2 -Wformat -Werror=format-security  -frtti -fexceptions -Wall -fstack-protector-all -O2 -g -DNDEBUG  -Wl,--build-id=sha1 -Wl,--no-rosegment -Wl,--no-undefined-version -Wl,--fatal-warnings -Wl,--no-undefined -Qunused-arguments  -Wl,-z,max-page-size=16384 -Wl,--gc-sections   -Wl,-z,max-page-size=16384 -shared -Wl,-soname,librunanywherecore.so -o ../../../../build/intermediates/cxx/RelWithDebInfo/4j3a405u/obj/arm64-v8a/librunanywherecore.so CMakeFiles/runanywherecore.dir/src/main/cpp/cpp-adapter.cpp.o 'CMakeFiles/runanywherecore.dir/home/expo/workingdir/build/node_modules/@runanywhere/core/cpp/HybridRunAnywhereCore.cpp.o' 'CMakeFiles/runanywherecore.dir/home/expo/workingdir/build/node_modules/@runanywhere/core/cpp/bridges/AuthBridge.cpp.o' 'CMakeFiles/runanywherecore.dir/home/expo/workingdir/build/node_modules/@runanywhere/core/cpp/bridges/DeviceBridge.cpp.o' 'CMakeFiles/runanywherecore.dir/home/expo/workingdir/build/node_modules/@runanywhere/core/cpp/bridges/DownloadBridge.cpp.o' 'CMakeFiles/runanywherecore.dir/home/expo/workingdir/build/node_modules/@runanywhere/core/cpp/bridges/EventBridge.cpp.o' 'CMakeFiles/runanywherecore.dir/home/expo/workingdir/build/node_modules/@runanywhere/core/cpp/bridges/HTTPBridge.cpp.o' 'CMakeFiles/runanywherecore.dir/home/expo/workingdir/build/node_modules/@runanywhere/core/cpp/bridges/InitBridge.cpp.o' 'CMakeFiles/runanywherecore.dir/home/expo/workingdir/build/node_modules/@runanywhere/core/cpp/bridges/ModelRegistryBridge.cpp.o' 'CMakeFiles/runanywherecore.dir/home/expo/workingdir/build/node_modules/@runanywhere/core/cpp/bridges/StorageBridge.cpp.o' 'CMakeFiles/runanywherecore.dir/home/expo/workingdir/build/node_modules/@runanywhere/core/cpp/bridges/TelemetryBridge.cpp.o' 'CMakeFiles/runanywherecore.dir/home/expo/workingdir/build/node_modules/@runanywhere/core/cpp/bridges/ToolCallingBridge.cpp.o' 'CMakeFiles/runanywherecore.dir/home/expo/workingdir/build/node_modules/@runanywhere/core/nitrogen/generated/android/runanywherecoreOnLoad.cpp.o' 'CMakeFiles/runanywherecore.dir/home/expo/workingdir/build/node_modules/@runanywhere/core/nitrogen/generated/shared/c++/HybridRunAnywhereCoreSpec.cpp.o' 'CMakeFiles/runanywherecore.dir/home/expo/workingdir/build/node_modules/@runanywhere/core/nitrogen/generated/shared/c++/HybridRunAnywhereDeviceInfoSpec.cpp.o' 'CMakeFiles/runanywherecore.dir/home/expo/workingdir/build/node_modules/@runanywhere/core/nitrogen/generated/android/c++/JHybridRunAnywhereDeviceInfoSpec.cpp.o' -L/home/expo/workingdir/build/node_modules/@runanywhere/core/android/src/main/jniLibs/arm64-v8a /home/expo/.gradle/caches/8.14.3/transforms/6347936a505aab872d9b18fa868e791d/transformed/fbjni-0.7.0/prefab/modules/fbjni/libs/android.arm64-v8a/libfbjni.so  /home/expo/.gradle/caches/8.14.3/transforms/cd9fd1633b8cbb585ae18556210d590b/transformed/react-android-0.81.5-release/prefab/modules/jsi/libs/android.arm64-v8a/libjsi.so  /home/expo/workingdir/build/node_modules/react-native-nitro-modules/android/build/intermediates/cxx/RelWithDebInfo/721h6l3c/obj/arm64-v8a/libNitroModules.so  /home/expo/.gradle/caches/8.14.3/transforms/cd9fd1633b8cbb585ae18556210d590b/transformed/react-android-0.81.5-release/prefab/modules/reactnative/libs/android.arm64-v8a/libreactnative.so  /home/expo/Android/Sdk/ndk/27.0.12077973/toolchains/llvm/prebuilt/linux-x86_64/sysroot/usr/lib/aarch64-linux-android/24/liblog.so  -landroid  -lrac_commons  -latomic -lm && :
  ld.lld: error: undefined symbol: rac_tool_call_parse
  >>> referenced by ToolCallingBridge.cpp:28 (/home/expo/workingdir/build/node_modules/@runanywhere/core/cpp/bridges/ToolCallingBridge.cpp:28)
  >>>               CMakeFiles/runanywherecore.dir/home/expo/workingdir/build/node_modules/@runanywhere/core/cpp/bridges/ToolCallingBridge.cpp.o:(runanywhere::bridges::ToolCallingBridge::parseToolCall(std::__ndk1::basic_string<char, std::__ndk1::char_traits<char>, std::__ndk1::allocator<char>> const&))
  
  ld.lld: error: undefined symbol: rac_tool_call_free
  >>> referenced by ToolCallingBridge.cpp:58 (/home/expo/workingdir/build/node_modules/@runanywhere/core/cpp/bridges/ToolCallingBridge.cpp:58)
  >>>               CMakeFiles/runanywherecore.dir/home/expo/workingdir/build/node_modules/@runanywhere/core/cpp/bridges/ToolCallingBridge.cpp.o:(runanywhere::bridges::ToolCallingBridge::parseToolCall(std::__ndk1::basic_string<char, std::__ndk1::char_traits<char>, std::__ndk1::allocator<char>> const&))
  
  ld.lld: error: undefined symbol: rac_tool_call_format_prompt_json_with_format_name
  >>> referenced by ToolCallingBridge.cpp:68 (/home/expo/workingdir/build/node_modules/@runanywhere/core/cpp/bridges/ToolCallingBridge.cpp:68)
  >>>               CMakeFiles/runanywherecore.dir/home/expo/workingdir/build/node_modules/@runanywhere/core/cpp/bridges/ToolCallingBridge.cpp.o:(runanywhere::bridges::ToolCallingBridge::formatToolsPrompt(std::__ndk1::basic_string<char, std::__ndk1::char_traits<char>, std::__ndk1::allocator<char>> const&, std::__ndk1::basic_string<char, std::__ndk1::char_traits<char>, std::__ndk1::allocator<char>> const&))
  
  ld.lld: error: undefined symbol: rac_tool_call_format_from_name
  >>> referenced by ToolCallingBridge.cpp:118 (/home/expo/workingdir/build/node_modules/@runanywhere/core/cpp/bridges/ToolCallingBridge.cpp:118)
  >>>               CMakeFiles/runanywherecore.dir/home/expo/workingdir/build/node_modules/@runanywhere/core/cpp/bridges/ToolCallingBridge.cpp.o:(runanywhere::bridges::ToolCallingBridge::buildInitialPrompt(std::__ndk1::basic_string<char, std::__ndk1::char_traits<char>, std::__ndk1::allocator<char>> const&, std::__ndk1::basic_string<char, std::__ndk1::char_traits<char>, std::__ndk1::allocator<char>> const&, std::__ndk1::basic_string<char, std::__ndk1::char_traits<char>, std::__ndk1::allocator<char>> const&))
  
  ld.lld: error: undefined symbol: rac_tool_call_build_initial_prompt
  >>> referenced by ToolCallingBridge.cpp:132 (/home/expo/workingdir/build/node_modules/@runanywhere/core/cpp/bridges/ToolCallingBridge.cpp:132)
  >>>               CMakeFiles/runanywherecore.dir/home/expo/workingdir/build/node_modules/@runanywhere/core/cpp/bridges/ToolCallingBridge.cpp.o:(runanywhere::bridges::ToolCallingBridge::buildInitialPrompt(std::__ndk1::basic_string<char, std::__ndk1::char_traits<char>, std::__ndk1::allocator<char>> const&, std::__ndk1::basic_string<char, std::__ndk1::char_traits<char>, std::__ndk1::allocator<char>> const&, std::__ndk1::basic_string<char, std::__ndk1::char_traits<char>, std::__ndk1::allocator<char>> const&))
  
  ld.lld: error: undefined symbol: rac_tool_call_build_followup_prompt
  >>> referenced by ToolCallingBridge.cpp:156 (/home/expo/workingdir/build/node_modules/@runanywhere/core/cpp/bridges/ToolCallingBridge.cpp:156)
  >>>               CMakeFiles/runanywherecore.dir/home/expo/workingdir/build/node_modules/@runanywhere/core/cpp/bridges/ToolCallingBridge.cpp.o:(runanywhere::bridges::ToolCallingBridge::buildFollowupPrompt(std::__ndk1::basic_string<char, std::__ndk1::char_traits<char>, std::__ndk1::allocator<char>> const&, std::__ndk1::basic_string<char, std::__ndk1::char_traits<char>, std::__ndk1::allocator<char>> const&, std::__ndk1::basic_string<char, std::__ndk1::char_traits<char>, std::__ndk1::allocator<char>> const&, std::__ndk1::basic_string<char, std::__ndk1::char_traits<char>, std::__ndk1::allocator<char>> const&, bool))
  
  ld.lld: error: undefined symbol: rac_tool_call_normalize_json
  >>> referenced by ToolCallingBridge.cpp:176 (/home/expo/workingdir/build/node_modules/@runanywhere/core/cpp/bridges/ToolCallingBridge.cpp:176)
  >>>               CMakeFiles/runanywherecore.dir/home/expo/workingdir/build/node_modules/@runanywhere/core/cpp/bridges/ToolCallingBridge.cpp.o:(runanywhere::bridges::ToolCallingBridge::normalizeJson(std::__ndk1::basic_string<char, std::__ndk1::char_traits<char>, std::__ndk1::allocator<char>> const&))
  clang++: error: linker command failed with exit code 1 (use -v to see invocation)
  ninja: build stopped: subcommand failed.
  
  C++ build system [build] failed while executing:
      /home/expo/Android/Sdk/cmake/3.22.1/bin/ninja \
        -C \
        /home/expo/workingdir/build/node_modules/@runanywhere/core/android/.cxx/RelWithDebInfo/4j3a405u/arm64-v8a \
        runanywherecore
    from /home/expo/workingdir/build/node_modules/@runanywhere/core/android
* Try:
> Run with --stacktrace option to get the stack trace.
> Run with --info or --debug option to get more log output.
> Run with --scan to get full insights.
> Get more help at https://help.gradle.org.
BUILD FAILED in 6m 16s
Error: Gradle build failed with unknown error. See logs for the "Run gradlew" phase for more information.
Fail job

1s


Build failed: Gradle build failed with unknown error. See logs for the "Run gradlew" phase for more information.